"../../../Engine/Plugins/Animation/ACLPlugin/Content/ACLAnimCurveCompressionSettings.uasset" 0
"../../../Engine/Plugins/Animation/ACLPlugin/Content/ACLAnimCurveCompressionSettings.uexp" 1
"../../../Engine/Content/EngineResources/WhiteSquareTexture.uexp" 2
"../../../Engine/Content/EngineResources/WhiteSquareTexture.uasset" 3
"../../../Engine/Content/EngineMaterials/Widget3DPassThrough.uexp" 4
"../../../Engine/Content/EngineMaterials/Widget3DPassThrough.uasset" 5
"../../../Engine/Content/EngineMaterials/Widget3DPassThrough_Translucent.uasset" 6
"../../../Engine/Content/EngineMaterials/Widget3DPassThrough_Translucent.uexp" 7
"../../../Engine/Content/EngineMaterials/Widget3DPassThrough_Translucent_OneSided.uasset" 8
"../../../Engine/Content/EngineMaterials/Widget3DPassThrough_Translucent_OneSided.uexp" 9
"../../../Engine/Plugins/Animation/ACLPlugin/Content/ACLAnimBoneCompressionSettings.uexp" 10
"../../../Engine/Plugins/Animation/ACLPlugin/Content/ACLAnimBoneCompressionSettings.uasset" 11
"../../../Engine/Content/EditorResources/S_TriggerSphere.uasset" 12
"../../../Engine/Content/EditorResources/S_TriggerSphere.uexp" 13
"../../../Engine/Plugins/2D/Paper2D/Content/PlaceholderTextures/DummySpriteTexture.ubulk" 14
"../../../Engine/Plugins/2D/Paper2D/Content/PlaceholderTextures/DummySpriteTexture.uexp" 15
"../../../Engine/Plugins/2D/Paper2D/Content/PlaceholderTextures/DummySpriteTexture.uasset" 16
"../../../Engine/Plugins/2D/Paper2D/Content/DefaultSpriteMaterial.uexp" 17
"../../../Engine/Plugins/2D/Paper2D/Content/DefaultSpriteMaterial.uasset" 18
"../../../Engine/Plugins/2D/Paper2D/Content/OpaqueUnlitSpriteMaterial.uasset" 19
"../../../Engine/Plugins/2D/Paper2D/Content/OpaqueUnlitSpriteMaterial.uexp" 20
"../../../Engine/Plugins/2D/Paper2D/Content/DummySprite.uasset" 21
"../../../Engine/Plugins/2D/Paper2D/Content/DummySprite.uexp" 22
"../../../Engine/Plugins/2D/Paper2D/Content/DefaultPaperTerrainMaterial.uexp" 23
"../../../Engine/Plugins/2D/Paper2D/Content/DefaultPaperTerrainMaterial.uasset" 24
"../../../Engine/Content/Functions/Engine_MaterialFunctions02/WorldPositionOffset/CameraOffset.uexp" 25
"../../../Engine/Content/Functions/Engine_MaterialFunctions02/WorldPositionOffset/CameraOffset.uasset" 26
"../../../Engine/Plugins/Animation/ControlRig/Content/M_Manip.uasset" 27
"../../../Engine/Plugins/Animation/ControlRig/Content/M_Manip.uexp" 28
"../../../Engine/Plugins/2D/Paper2D/Content/MaskedUnlitSpriteMaterial.uexp" 29
"../../../Engine/Plugins/2D/Paper2D/Content/MaskedUnlitSpriteMaterial.uasset" 30
"../../../Engine/Content/EngineResources/Black.uasset" 31
"../../../Engine/Content/EngineResources/Black.uexp" 32
"../../../Engine/Plugins/NNE/NNEDenoiser/Content/NNEDIM_HighQuality_Alpha.uasset" 33
"../../../Engine/Plugins/NNE/NNEDenoiser/Content/NNEDIM_HighQuality_Alpha.uexp" 34
"../../../Engine/Content/EditorMaterials/PhAT_NoCollisionMaterial.uexp" 35
"../../../Engine/Content/EditorMaterials/PhAT_NoCollisionMaterial.uasset" 36
"../../../Engine/Content/EditorLandscapeResources/DefaultAlphaTexture.uexp" 37
"../../../Engine/Content/EditorLandscapeResources/DefaultAlphaTexture.uasset" 38
"../../../Engine/Content/EditorLandscapeResources/WhiteSquareTexture.uexp" 39
"../../../Engine/Content/EditorLandscapeResources/WhiteSquareTexture.uasset" 40
"../../../Engine/Content/Functions/Engine_MaterialFunctions03/Math/WithinRangeFloat2.uexp" 41
"../../../Engine/Content/Functions/Engine_MaterialFunctions03/Math/WithinRangeFloat2.uasset" 42
"../../../Engine/Content/EditorLandscapeResources/SelectBrushMaterial.uexp" 43
"../../../Engine/Content/EditorLandscapeResources/SelectBrushMaterial.uasset" 44
"../../../Engine/Content/EditorLandscapeResources/SelectBrushMaterial_SelectedRegion.uasset" 45
"../../../Engine/Content/EditorLandscapeResources/SelectBrushMaterial_SelectedRegion.uexp" 46
"../../../Engine/Content/EngineMaterials/T_Default_Material_Grid_N.uasset" 47
"../../../Engine/Content/EngineMaterials/T_Default_Material_Grid_N.uexp" 48
"../../../Engine/Content/EngineMaterials/T_Default_Material_Grid_N.ubulk" 49
"../../../Engine/Content/EngineMaterials/T_Default_Material_Grid_M.uasset" 50
"../../../Engine/Content/EngineMaterials/T_Default_Material_Grid_M.ubulk" 51
"../../../Engine/Content/EngineMaterials/T_Default_Material_Grid_M.uexp" 52
"../../../Engine/Content/Functions/Engine_MaterialFunctions01/Opacity/CameraDepthFade.uexp" 53
"../../../Engine/Content/Functions/Engine_MaterialFunctions01/Opacity/CameraDepthFade.uasset" 54
"../../../Engine/Content/EngineMaterials/WorldGridMaterial.uexp" 55
"../../../Engine/Content/EngineMaterials/WorldGridMaterial.uasset" 56
"../../../Engine/Plugins/Media/MediaPlate/Content/SM_MediaPlateScreen.ubulk" 57
"../../../Engine/Plugins/Media/MediaPlate/Content/SM_MediaPlateScreen.uasset" 58
"../../../Engine/Plugins/Media/MediaPlate/Content/SM_MediaPlateScreen.uexp" 59
"../../../Engine/Content/EngineResources/LandscapeVisibilityLayerInfo.uexp" 60
"../../../Engine/Content/EngineResources/LandscapeVisibilityLayerInfo.uasset" 61
"../../../Engine/Plugins/NNE/NNEDenoiser/Content/NNE_oidn2-3-0_rt_hdr_alb_nrm_small__dyn__fp16_opset11_DenoiseAlpha.uasset" 62
"../../../Engine/Plugins/NNE/NNEDenoiser/Content/NNE_oidn2-3-0_rt_hdr_alb_nrm_small__dyn__fp16_opset11_DenoiseAlpha.uexp" 63
"../../../Engine/Plugins/NNE/NNEDenoiser/Content/NNEDTIM_ColorAlbedoNormal_Default.uasset" 64
"../../../Engine/Plugins/NNE/NNEDenoiser/Content/NNEDTIM_ColorAlbedoNormal_Default.uexp" 65
"../../../Engine/Plugins/NNE/NNEDenoiser/Content/NNE_oidn2-3-0_rt_hdr_calb_cnrm_large__dyn__fp16_opset11_ForwardAlpha.uasset" 66
"../../../Engine/Plugins/NNE/NNEDenoiser/Content/NNE_oidn2-3-0_rt_hdr_calb_cnrm_large__dyn__fp16_opset11_ForwardAlpha.uexp" 67
"../../../Engine/Plugins/NNE/NNEDenoiser/Content/NNEDIM_ColorAlbedoNormal_Default.uexp" 68
"../../../Engine/Plugins/NNE/NNEDenoiser/Content/NNEDIM_ColorAlbedoNormal_Default.uasset" 69
"../../../Engine/Content/EditorLandscapeResources/LandscapeDirtyMaterial.uexp" 70
"../../../Engine/Content/EditorLandscapeResources/LandscapeDirtyMaterial.uasset" 71
"../../../Engine/Plugins/NNE/NNEDenoiser/Content/NNEDOM_Output_Default.uasset" 72
"../../../Engine/Plugins/NNE/NNEDenoiser/Content/NNEDOM_Output_Default.uexp" 73
"../../../Engine/Plugins/NNE/NNEDenoiser/Content/NNE_oidn2-3-0_rt_hdr_alb_nrm__dyn__fp16_opset11_ForwardAlpha.uasset" 74
"../../../Engine/Plugins/NNE/NNEDenoiser/Content/NNE_oidn2-3-0_rt_hdr_alb_nrm__dyn__fp16_opset11_ForwardAlpha.uexp" 75
"../../../Engine/Plugins/NNE/NNEDenoiser/Content/NNEDOM_Output_Alpha.uasset" 76
"../../../Engine/Plugins/NNE/NNEDenoiser/Content/NNEDOM_Output_Alpha.uexp" 77
"../../../Engine/Content/EditorLandscapeResources/SplineEditorMeshMat.uasset" 78
"../../../Engine/Content/EditorLandscapeResources/SplineEditorMeshMat.uexp" 79
"../../../Engine/Content/EditorLandscapeResources/SplineEditorMesh.uexp" 80
"../../../Engine/Content/EditorLandscapeResources/SplineEditorMesh.uasset" 81
"../../../Engine/Content/EditorLandscapeResources/SplineEditorMesh.ubulk" 82
"../../../Engine/Plugins/NNE/NNEDenoiser/Content/NNEDIM_ColorAlbedoNormal_Alpha.uasset" 83
"../../../Engine/Plugins/NNE/NNEDenoiser/Content/NNEDIM_ColorAlbedoNormal_Alpha.uexp" 84
"../../../Engine/Content/EngineMaterials/DefaultCalibrationColor.uexp" 85
"../../../Engine/Content/EngineMaterials/DefaultCalibrationColor.uasset" 86
"../../../Engine/Content/EngineMaterials/PPM_DefaultCalibrationColor.uasset" 87
"../../../Engine/Content/EngineMaterials/PPM_DefaultCalibrationColor.uexp" 88
"../../../Engine/Plugins/NNE/NNEDenoiser/Content/NNEDTIM_ColorAlbedoNormal_Alpha.uexp" 89
"../../../Engine/Plugins/NNE/NNEDenoiser/Content/NNEDTIM_ColorAlbedoNormal_Alpha.uasset" 90
"../../../Engine/Plugins/NNE/NNEDenoiser/Content/NNEDIM_HighQuality_Default.uexp" 91
"../../../Engine/Plugins/NNE/NNEDenoiser/Content/NNEDIM_HighQuality_Default.uasset" 92
"../../../Engine/Plugins/NNE/NNEDenoiser/Content/NNE_oidn2-3-0_rt_hdr_alb_nrm__dyn__fp16_opset11_DenoiseAlpha.uexp" 93
"../../../Engine/Plugins/NNE/NNEDenoiser/Content/NNE_oidn2-3-0_rt_hdr_alb_nrm__dyn__fp16_opset11_DenoiseAlpha.uasset" 94
"../../../Engine/Plugins/NNE/NNEDenoiser/Content/NNEDTOM_Output_Alpha.uexp" 95
"../../../Engine/Plugins/NNE/NNEDenoiser/Content/NNEDTOM_Output_Alpha.uasset" 96
"../../../Engine/Plugins/NNE/NNEDenoiser/Content/NNE_oidn2-3-0_rt_hdr_alb_nrm_small__dyn__fp16_opset11_ForwardAlpha.uexp" 97
"../../../Engine/Plugins/NNE/NNEDenoiser/Content/NNE_oidn2-3-0_rt_hdr_alb_nrm_small__dyn__fp16_opset11_ForwardAlpha.uasset" 98
"../../../Engine/Plugins/NNE/NNEDenoiser/Content/NNEDTOM_Output_Default.uexp" 99
"../../../Engine/Plugins/NNE/NNEDenoiser/Content/NNEDTOM_Output_Default.uasset" 100
"../../../Engine/Plugins/NNE/NNEDenoiser/Content/NNE_oidn2-3-0_rt_hdr_calb_cnrm_large__dyn__fp16_opset11_DenoiseAlpha.uexp" 101
"../../../Engine/Plugins/NNE/NNEDenoiser/Content/NNE_oidn2-3-0_rt_hdr_calb_cnrm_large__dyn__fp16_opset11_DenoiseAlpha.uasset" 102
"../../../Engine/Content/EngineDebugMaterials/DebugEditorMaterial.uasset" 103
"../../../Engine/Content/EngineDebugMaterials/DebugEditorMaterial.uexp" 104
"../../../Engine/Content/EngineMeshes/Sphere.uexp" 105
"../../../Engine/Content/EngineMeshes/Sphere.ubulk" 106
"../../../Engine/Content/EngineMeshes/Sphere.uasset" 107
"../../../Engine/Content/EngineDamageTypes/DmgTypeBP_Environmental.uasset" 108
"../../../Engine/Content/EngineDamageTypes/DmgTypeBP_Environmental.uexp" 109
"../../../Engine/Content/EditorResources/S_TriggerBox.uexp" 110
"../../../Engine/Content/EditorResources/S_TriggerBox.uasset" 111
"../../../Engine/Content/EditorResources/S_BoxReflectionCapture.uasset" 112
"../../../Engine/Content/EditorResources/S_BoxReflectionCapture.uexp" 113
"../../../Engine/Content/EngineSounds/Master.uexp" 114
"../../../Engine/Content/EngineSounds/Master.uasset" 115
"../../../Engine/Content/EngineMaterials/DefaultDiffuse.ubulk" 116
"../../../Engine/Content/EngineMaterials/DefaultDiffuse.uexp" 117
"../../../Engine/Content/EngineMaterials/DefaultDiffuse.uasset" 118
"../../../Engine/Content/Functions/Engine_MaterialFunctions01/Texturing/TextureCropping.uasset" 119
"../../../Engine/Content/Functions/Engine_MaterialFunctions01/Texturing/TextureCropping.uexp" 120
"../../../Engine/Content/Functions/Engine_MaterialFunctions02/ExampleContent/DebugNumberStrip.uexp" 121
"../../../Engine/Content/Functions/Engine_MaterialFunctions02/ExampleContent/DebugNumberStrip.uasset" 122
"../../../Engine/Content/Functions/Engine_MaterialFunctions01/Debug/DebugIntValues.uexp" 123
"../../../Engine/Content/Functions/Engine_MaterialFunctions01/Debug/DebugIntValues.uasset" 124
"../../../Engine/Content/Functions/Engine_MaterialFunctions02/Utility/BreakOutFloat2Components.uasset" 125
"../../../Engine/Content/Functions/Engine_MaterialFunctions02/Utility/BreakOutFloat2Components.uexp" 126
"../../../Engine/Content/Functions/Engine_MaterialFunctions01/Texturing/ScaleUVsByCenter.uexp" 127
"../../../Engine/Content/Functions/Engine_MaterialFunctions01/Texturing/ScaleUVsByCenter.uasset" 128
"../../../Engine/Content/Functions/Engine_MaterialFunctions02/WorldPositionOffset/LocalPosition.uexp" 129
"../../../Engine/Content/Functions/Engine_MaterialFunctions02/WorldPositionOffset/LocalPosition.uasset" 130
"../../../Engine/Content/EditorLandscapeResources/LandscapeLayerUsageMaterial.uexp" 131
"../../../Engine/Content/EditorLandscapeResources/LandscapeLayerUsageMaterial.uasset" 132
"../../../Engine/Content/EditorMaterials/PreviewShadowIndicator.uasset" 133
"../../../Engine/Content/EditorMaterials/PreviewShadowIndicator.uexp" 134
"../../../Engine/Content/EditorMaterials/PreviewShadowIndicator.ubulk" 135
"../../../Engine/Content/EditorMaterials/PreviewShadowIndicatorMaterial.uasset" 136
"../../../Engine/Content/EditorMaterials/PreviewShadowIndicatorMaterial.uexp" 137
"../../../Engine/Content/EditorResources/S_TriggerCapsule.uexp" 138
"../../../Engine/Content/EditorResources/S_TriggerCapsule.uasset" 139
"../../../Engine/Content/Functions/Engine_MaterialFunctions02/Utility/CameraDirectionVector.uexp" 140
"../../../Engine/Content/Functions/Engine_MaterialFunctions02/Utility/CameraDirectionVector.uasset" 141
"../../../Engine/Content/EngineDebugMaterials/VolumeToRender.uexp" 142
"../../../Engine/Content/EngineDebugMaterials/VolumeToRender.uasset" 143
"../../../Engine/Content/EngineDebugMaterials/M_VolumeRenderSphereTracePP.uexp" 144
"../../../Engine/Content/EngineDebugMaterials/M_VolumeRenderSphereTracePP.uasset" 145
"../../../Engine/Content/EditorLandscapeResources/SelectBrushMaterial_Selected.uexp" 146
"../../../Engine/Content/EditorLandscapeResources/SelectBrushMaterial_Selected.uasset" 147
"../../../Engine/Content/EngineMaterials/FastBlueNoise_scalar_128x128x8.uasset" 148
"../../../Engine/Content/EngineMaterials/FastBlueNoise_scalar_128x128x8.uexp" 149
"../../../Engine/Plugins/Animation/ControlRig/Content/Controls/ControlRigXRayMaterial.uexp" 150
"../../../Engine/Plugins/Animation/ControlRig/Content/Controls/ControlRigXRayMaterial.uasset" 151
"../../../Engine/Content/EngineResources/GradientTexture0.uexp" 152
"../../../Engine/Content/EngineResources/GradientTexture0.uasset" 153
"../../../Engine/Content/EngineDebugMaterials/M_SimpleUnlitTranslucent.uexp" 154
"../../../Engine/Content/EngineDebugMaterials/M_SimpleUnlitTranslucent.uasset" 155
"../../../Engine/Plugins/Animation/ControlRig/Content/Controls/ControlRig_Star4_1mm.ubulk" 156
"../../../Engine/Plugins/Animation/ControlRig/Content/Controls/ControlRig_Star4_1mm.uexp" 157
"../../../Engine/Plugins/Animation/ControlRig/Content/Controls/ControlRig_Star4_1mm.uasset" 158
"../../../Engine/Content/EngineFonts/RobotoDistanceField.uexp" 159
"../../../Engine/Content/EngineFonts/RobotoDistanceField.uasset" 160
"../../../Engine/Content/EngineMaterials/DefaultTextMaterialOpaque.uexp" 161
"../../../Engine/Content/EngineMaterials/DefaultTextMaterialOpaque.uasset" 162
"../../../Engine/Plugins/Animation/ControlRig/Content/Controls/ControlRig_RoundedSquare_1mm.ubulk" 163
"../../../Engine/Plugins/Animation/ControlRig/Content/Controls/ControlRig_RoundedSquare_1mm.uexp" 164
"../../../Engine/Plugins/Animation/ControlRig/Content/Controls/ControlRig_RoundedSquare_1mm.uasset" 165
"../../../Engine/Content/EngineMaterials/PreintegratedSkinBRDF.uexp" 166
"../../../Engine/Content/EngineMaterials/PreintegratedSkinBRDF.uasset" 167
"../../../Engine/Plugins/Animation/ControlRig/Content/Controls/ControlRig_Wedge_solid.uexp" 168
"../../../Engine/Plugins/Animation/ControlRig/Content/Controls/ControlRig_Wedge_solid.ubulk" 169
"../../../Engine/Plugins/Animation/ControlRig/Content/Controls/ControlRig_Wedge_solid.uasset" 170
"../../../Engine/Content/EngineMaterials/FastBlueNoise_vec2_128x128x64.uexp" 171
"../../../Engine/Content/EngineMaterials/FastBlueNoise_vec2_128x128x64.uasset" 172
"../../../Engine/Plugins/Animation/ControlRig/Content/Controls/ControlRig_Pyramid_solid.uexp" 173
"../../../Engine/Plugins/Animation/ControlRig/Content/Controls/ControlRig_Pyramid_solid.ubulk" 174
"../../../Engine/Plugins/Animation/ControlRig/Content/Controls/ControlRig_Pyramid_solid.uasset" 175
"../../../Engine/Content/EditorResources/S_Solver.uasset" 176
"../../../Engine/Content/EditorResources/S_Solver.uexp" 177
"../../../Engine/Content/EditorResources/S_Solver.ubulk" 178
"../../../Engine/Content/EngineMaterials/SMAASearchTex.uasset" 179
"../../../Engine/Content/EngineMaterials/SMAASearchTex.uexp" 180
"../../../Engine/Content/EditorLandscapeResources/ColorMaskBrushMaterial.uexp" 181
"../../../Engine/Content/EditorLandscapeResources/ColorMaskBrushMaterial.uasset" 182
"../../../Engine/Content/EditorLandscapeResources/ColorMaskBrushMaterial_MaskedRegion.uasset" 183
"../../../Engine/Content/EditorLandscapeResources/ColorMaskBrushMaterial_MaskedRegion.uexp" 184
"../../../Engine/Plugins/Animation/ControlRig/Content/Controls/ControlRig_Octagon_solid.uexp" 185
"../../../Engine/Plugins/Animation/ControlRig/Content/Controls/ControlRig_Octagon_solid.ubulk" 186
"../../../Engine/Plugins/Animation/ControlRig/Content/Controls/ControlRig_Octagon_solid.uasset" 187
"../../../Engine/Content/EngineDebugMaterials/DebugMeshMaterial.uexp" 188
"../../../Engine/Content/EngineDebugMaterials/DebugMeshMaterial.uasset" 189
"../../../Engine/Content/EngineMaterials/Widget3DPassThrough_Opaque.uasset" 190
"../../../Engine/Content/EngineMaterials/Widget3DPassThrough_Opaque.uexp" 191
"../../../Engine/Content/EngineMaterials/Widget3DPassThrough_Opaque_OneSided.uasset" 192
"../../../Engine/Content/EngineMaterials/Widget3DPassThrough_Opaque_OneSided.uexp" 193
"../../../Engine/Content/EngineMaterials/WeightMapPlaceholderTexture.uasset" 194
"../../../Engine/Content/EngineMaterials/WeightMapPlaceholderTexture.uexp" 195
"../../../Engine/Content/EngineMaterials/WeightMapArrayPlaceholderTexture.uasset" 196
"../../../Engine/Content/EngineMaterials/WeightMapArrayPlaceholderTexture.uexp" 197
"../../../Engine/Content/EngineMaterials/DefaultBokeh.uexp" 198
"../../../Engine/Content/EngineMaterials/DefaultBokeh.uasset" 199
"../../../Engine/Plugins/Animation/ControlRig/Content/Controls/ControlRigGizmoMaterial.uasset" 200
"../../../Engine/Plugins/Animation/ControlRig/Content/Controls/ControlRigGizmoMaterial.uexp" 201
"../../../Engine/Content/EngineMaterials/DefaultLightFunctionMaterial.uasset" 202
"../../../Engine/Content/EngineMaterials/DefaultLightFunctionMaterial.uexp" 203
"../../../Engine/Content/EngineMaterials/MiniFont.uexp" 204
"../../../Engine/Content/EngineMaterials/MiniFont.uasset" 205
"../../../Engine/Plugins/Experimental/MeshModelingToolsetExp/Content/Materials/GetDisplacementVectorForDepthBias.uexp" 206
"../../../Engine/Plugins/Experimental/MeshModelingToolsetExp/Content/Materials/GetDisplacementVectorForDepthBias.uasset" 207
"../../../Engine/Content/Functions/Engine_MaterialFunctions02/Utility/VectorLength.uexp" 208
"../../../Engine/Content/Functions/Engine_MaterialFunctions02/Utility/VectorLength.uasset" 209
"../../../Engine/Content/Functions/Engine_MaterialFunctions03/Viewport/MF_OrthoWidth.uasset" 210
"../../../Engine/Content/Functions/Engine_MaterialFunctions03/Viewport/MF_OrthoWidth.uexp" 211
"../../../Engine/Content/Functions/Engine_MaterialFunctions02/Utility/FOV.uasset" 212
"../../../Engine/Content/Functions/Engine_MaterialFunctions02/Utility/FOV.uexp" 213
"../../../Engine/Content/Functions/Engine_MaterialFunctions02/WorldPositionOffset/V2/ObjectScale.uexp" 214
"../../../Engine/Content/Functions/Engine_MaterialFunctions02/WorldPositionOffset/V2/ObjectScale.uasset" 215
"../../../Engine/Plugins/Experimental/MeshModelingToolsetExp/Content/Materials/PointSetOverlaidComponentMaterial.uasset" 216
"../../../Engine/Plugins/Experimental/MeshModelingToolsetExp/Content/Materials/PointSetOverlaidComponentMaterial.uexp" 217
"../../../Engine/Content/EngineMaterials/DefaultWhiteGrid.ubulk" 218
"../../../Engine/Content/EngineMaterials/DefaultWhiteGrid.uexp" 219
"../../../Engine/Content/EngineMaterials/DefaultWhiteGrid.uasset" 220
"../../../Engine/Content/EngineMaterials/PhAT_JointLimitMaterial.uasset" 221
"../../../Engine/Content/EngineMaterials/PhAT_JointLimitMaterial.uexp" 222
"../../../Engine/Plugins/Interchange/Assets/Content/Functions/MF_IridescenceNoLUT.uexp" 223
"../../../Engine/Plugins/Interchange/Assets/Content/Functions/MF_IridescenceNoLUT.uasset" 224
"../../../Engine/Plugins/Interchange/Assets/Content/Functions/MX_StandardSurface.uasset" 225
"../../../Engine/Plugins/Interchange/Assets/Content/Functions/MX_StandardSurface.uexp" 226
"../../../Engine/Plugins/Interchange/Assets/Content/Functions/MX_OpenPBR_Opaque.uexp" 227
"../../../Engine/Plugins/Interchange/Assets/Content/Functions/MX_OpenPBR_Opaque.uasset" 228
"../../../Engine/Plugins/Animation/ControlRig/Content/Controls/ControlRig_RoundedTriangle_1mm.uexp" 229
"../../../Engine/Plugins/Animation/ControlRig/Content/Controls/ControlRig_RoundedTriangle_1mm.uasset" 230
"../../../Engine/Plugins/Animation/ControlRig/Content/Controls/ControlRig_RoundedTriangle_1mm.ubulk" 231
"../../../Engine/Content/EngineMaterials/BaseFlattenDiffuseMap.uasset" 232
"../../../Engine/Content/EngineMaterials/BaseFlattenDiffuseMap.uexp" 233
"../../../Engine/Content/EngineMaterials/BaseFlattenLinearColor.uasset" 234
"../../../Engine/Content/EngineMaterials/BaseFlattenLinearColor.uexp" 235
"../../../Engine/Content/EngineMaterials/BaseFlattenGrayscaleMap.uasset" 236
"../../../Engine/Content/EngineMaterials/BaseFlattenGrayscaleMap.uexp" 237
"../../../Engine/Content/EngineMaterials/BaseFlattenNormalMap.uexp" 238
"../../../Engine/Content/EngineMaterials/BaseFlattenNormalMap.uasset" 239
"../../../Engine/Content/EngineMaterials/BaseFlattenEmissiveMap.uexp" 240
"../../../Engine/Content/EngineMaterials/BaseFlattenEmissiveMap.uasset" 241
"../../../Engine/Content/Functions/Engine_MaterialFunctions02/PivotPainter2/Black_1x1_EXR_Texture.uexp" 242
"../../../Engine/Content/Functions/Engine_MaterialFunctions02/PivotPainter2/Black_1x1_EXR_Texture.uasset" 243
"../../../Engine/Content/EngineMaterials/FlattenMaterial.uasset" 244
"../../../Engine/Content/EngineMaterials/FlattenMaterial.uexp" 245
"../../../Engine/Content/EngineMaterials/SMAAAreaTex.uasset" 246
"../../../Engine/Content/EngineMaterials/SMAAAreaTex.uexp" 247
"../../../Engine/Content/EngineMaterials/DefaultDestructiblePhysicalMaterial.uasset" 248
"../../../Engine/Content/EngineMaterials/DefaultDestructiblePhysicalMaterial.uexp" 249
"../../../Engine/Content/VREditor/Sounds/UI/Drop_Item_From_ContentBrowser.ubulk" 250
"../../../Engine/Content/VREditor/Sounds/UI/Drop_Item_From_ContentBrowser.uasset" 251
"../../../Engine/Content/VREditor/Sounds/UI/Drop_Item_From_ContentBrowser.uexp" 252
"../../../Engine/Content/VREditor/LaserPointer/VR_LaserPower_01.uexp" 253
"../../../Engine/Content/VREditor/LaserPointer/VR_LaserPower_01.ubulk" 254
"../../../Engine/Content/VREditor/LaserPointer/VR_LaserPower_01.uasset" 255
"../../../Engine/Content/VREditor/TransformGizmo/TransformGizmoMaterial.uasset" 256
"../../../Engine/Content/VREditor/TransformGizmo/TransformGizmoMaterial.uexp" 257
"../../../Engine/Content/VREditor/TransformGizmo/TransformGizmoMaterial_Inst.uexp" 258
"../../../Engine/Content/VREditor/TransformGizmo/TransformGizmoMaterial_Inst.uasset" 259
"../../../Engine/Content/VREditor/TransformGizmo/TranslucentTransformGizmoMaterial.uasset" 260
"../../../Engine/Content/VREditor/TransformGizmo/TranslucentTransformGizmoMaterial.uexp" 261
"../../../Engine/Content/VREditor/TransformGizmo/TranslucentTransformGizmoMaterial_Inst.uexp" 262
"../../../Engine/Content/VREditor/TransformGizmo/TranslucentTransformGizmoMaterial_Inst.uasset" 263
"../../../Engine/Content/Functions/Engine_MaterialFunctions02/Utility/MakeFloat3.uexp" 264
"../../../Engine/Content/Functions/Engine_MaterialFunctions02/Utility/MakeFloat3.uasset" 265
"../../../Engine/Content/Functions/Engine_MaterialFunctions02/SplitComponents.uasset" 266
"../../../Engine/Content/Functions/Engine_MaterialFunctions02/SplitComponents.uexp" 267
"../../../Engine/Content/Functions/Engine_MaterialFunctions02/Utility/BreakOutFloat3Components.uasset" 268
"../../../Engine/Content/Functions/Engine_MaterialFunctions02/Utility/BreakOutFloat3Components.uexp" 269
"../../../Engine/Content/Functions/Engine_MaterialFunctions02/Math/Transform3x3Matrix.uasset" 270
"../../../Engine/Content/Functions/Engine_MaterialFunctions02/Math/Transform3x3Matrix.uexp" 271
"../../../Engine/Content/VREditor/SnapGrid/SnapGridMaterial.uasset" 272
"../../../Engine/Content/VREditor/SnapGrid/SnapGridMaterial.uexp" 273
"../../../Engine/Content/VREditor/SnapGrid/SnapGridPlaneMesh.uexp" 274
"../../../Engine/Content/VREditor/SnapGrid/SnapGridPlaneMesh.ubulk" 275
"../../../Engine/Content/VREditor/SnapGrid/SnapGridPlaneMesh.uasset" 276
"../../../Engine/Content/VREditor/Sounds/UI/Gizmo_Handle_Clicked.uasset" 277
"../../../Engine/Content/VREditor/Sounds/UI/Gizmo_Handle_Clicked.uexp" 278
"../../../Engine/Content/VREditor/Sounds/UI/Gizmo_Handle_Clicked.ubulk" 279
"../../../Engine/Content/VREditor/Sounds/UI/Object_PickUp.ubulk" 280
"../../../Engine/Content/VREditor/Sounds/UI/Object_PickUp.uexp" 281
"../../../Engine/Content/VREditor/Sounds/UI/Object_PickUp.uasset" 282
"../../../Engine/Content/VREditor/Sounds/UI/Object_Snaps_To_Another_Actor.uasset" 283
"../../../Engine/Content/VREditor/Sounds/UI/Object_Snaps_To_Another_Actor.ubulk" 284
"../../../Engine/Content/VREditor/Sounds/UI/Object_Snaps_To_Another_Actor.uexp" 285
"../../../Engine/Content/VREditor/Sounds/UI/Object_Snaps_To_Grid.ubulk" 286
"../../../Engine/Content/VREditor/Sounds/UI/Object_Snaps_To_Grid.uasset" 287
"../../../Engine/Content/VREditor/Sounds/UI/Object_Snaps_To_Grid.uexp" 288
"../../../Engine/Content/VREditor/Sounds/UI/Scaling_Down.ubulk" 289
"../../../Engine/Content/VREditor/Sounds/UI/Scaling_Down.uexp" 290
"../../../Engine/Content/VREditor/Sounds/UI/Scaling_Down.uasset" 291
"../../../Engine/Content/VREditor/Sounds/UI/Scaling_Up.ubulk" 292
"../../../Engine/Content/VREditor/Sounds/UI/Scaling_Up.uasset" 293
"../../../Engine/Content/VREditor/Sounds/UI/Scaling_Up.uexp" 294
"../../../Engine/Content/VREditor/Sounds/UI/Selection_Changes.ubulk" 295
"../../../Engine/Content/VREditor/Sounds/UI/Selection_Changes.uasset" 296
"../../../Engine/Content/VREditor/Sounds/UI/Selection_Changes.uexp" 297
"../../../Engine/Content/VREditor/TransformGizmo/PlaneTranslationHandle.ubulk" 298
"../../../Engine/Content/VREditor/TransformGizmo/PlaneTranslationHandle.uasset" 299
"../../../Engine/Content/VREditor/TransformGizmo/PlaneTranslationHandle.uexp" 300
"../../../Engine/Content/VREditor/TransformGizmo/RotationHandleFull.uexp" 301
"../../../Engine/Content/VREditor/TransformGizmo/RotationHandleFull.ubulk" 302
"../../../Engine/Content/VREditor/TransformGizmo/RotationHandleFull.uasset" 303
"../../../Engine/Content/VREditor/TransformGizmo/RotationHandleIndicator.uexp" 304
"../../../Engine/Content/VREditor/TransformGizmo/RotationHandleIndicator.ubulk" 305
"../../../Engine/Content/VREditor/TransformGizmo/RotationHandleIndicator.uasset" 306
"../../../Engine/Content/VREditor/TransformGizmo/RotationHandleQuarter.uasset" 307
"../../../Engine/Content/VREditor/TransformGizmo/RotationHandleQuarter.ubulk" 308
"../../../Engine/Content/VREditor/TransformGizmo/RotationHandleQuarter.uexp" 309
"../../../Engine/Content/VREditor/TransformGizmo/StartRotationHandleIndicator.ubulk" 310
"../../../Engine/Content/VREditor/TransformGizmo/StartRotationHandleIndicator.uexp" 311
"../../../Engine/Content/VREditor/TransformGizmo/StartRotationHandleIndicator.uasset" 312
"../../../Engine/Content/VREditor/TransformGizmo/TransformGizmoFreeRotation.ubulk" 313
"../../../Engine/Content/VREditor/TransformGizmo/TransformGizmoFreeRotation.uasset" 314
"../../../Engine/Content/VREditor/TransformGizmo/TransformGizmoFreeRotation.uexp" 315
"../../../Engine/Content/VREditor/TransformGizmo/TranslateArrowHandle.ubulk" 316
"../../../Engine/Content/VREditor/TransformGizmo/TranslateArrowHandle.uasset" 317
"../../../Engine/Content/VREditor/TransformGizmo/TranslateArrowHandle.uexp" 318
"../../../Engine/Content/VREditor/TransformGizmo/UniformScaleHandle.ubulk" 319
"../../../Engine/Content/VREditor/TransformGizmo/UniformScaleHandle.uasset" 320
"../../../Engine/Content/VREditor/TransformGizmo/UniformScaleHandle.uexp" 321
"../../../Engine/Plugins/Interchange/Assets/Content/Substrate/MX_SimpleVolume.uexp" 322
"../../../Engine/Plugins/Interchange/Assets/Content/Substrate/MX_SimpleVolume.uasset" 323
"../../../Engine/Plugins/Animation/ControlRig/Content/Controls/ControlRig_Circle_3mm.ubulk" 324
"../../../Engine/Plugins/Animation/ControlRig/Content/Controls/ControlRig_Circle_3mm.uasset" 325
"../../../Engine/Plugins/Animation/ControlRig/Content/Controls/ControlRig_Circle_3mm.uexp" 326
"../../../Engine/Content/EngineMaterials/GizmoMaterial.uexp" 327
"../../../Engine/Content/EngineMaterials/GizmoMaterial.uasset" 328
"../../../Engine/Plugins/Animation/ControlRig/Content/Controls/ControlRig_QuarterCircle_1mm.uexp" 329
"../../../Engine/Plugins/Animation/ControlRig/Content/Controls/ControlRig_QuarterCircle_1mm.uasset" 330
"../../../Engine/Plugins/Animation/ControlRig/Content/Controls/ControlRig_QuarterCircle_1mm.ubulk" 331
"../../../Engine/Plugins/Animation/ControlRig/Content/Controls/ControlRig_Pyramid_1mm.ubulk" 332
"../../../Engine/Plugins/Animation/ControlRig/Content/Controls/ControlRig_Pyramid_1mm.uasset" 333
"../../../Engine/Plugins/Animation/ControlRig/Content/Controls/ControlRig_Pyramid_1mm.uexp" 334
"../../../Engine/Plugins/Editor/SpeedTreeImporter/Content/SpeedTree9/game_wind_noise.uexp" 335
"../../../Engine/Plugins/Editor/SpeedTreeImporter/Content/SpeedTree9/game_wind_noise.uasset" 336
"../../../Engine/Plugins/Editor/SpeedTreeImporter/Content/SpeedTree9/game_wind_noise.ubulk" 337
"../../../Engine/Plugins/Editor/SpeedTreeImporter/Content/SpeedTree9/UnpackDirection.uexp" 338
"../../../Engine/Plugins/Editor/SpeedTreeImporter/Content/SpeedTree9/UnpackDirection.uasset" 339
"../../../Engine/Plugins/Editor/SpeedTreeImporter/Content/SpeedTree9/UnpackInteger3.uexp" 340
"../../../Engine/Plugins/Editor/SpeedTreeImporter/Content/SpeedTree9/UnpackInteger3.uasset" 341
"../../../Engine/Content/Functions/Engine_MaterialFunctions02/SafeNormalize.uasset" 342
"../../../Engine/Content/Functions/Engine_MaterialFunctions02/SafeNormalize.uexp" 343
"../../../Engine/Plugins/Editor/SpeedTreeImporter/Content/SpeedTree9/SpeedTreeWindMotion.uexp" 344
"../../../Engine/Plugins/Editor/SpeedTreeImporter/Content/SpeedTree9/SpeedTreeWindMotion.uasset" 345
"../../../Engine/Plugins/Editor/SpeedTreeImporter/Content/SpeedTree9/SpeedTreeBranchMotion.uexp" 346
"../../../Engine/Plugins/Editor/SpeedTreeImporter/Content/SpeedTree9/SpeedTreeBranchMotion.uasset" 347
"../../../Engine/Content/Functions/Engine_MaterialFunctions02/WorldPositionOffset/ObjectScale.uexp" 348
"../../../Engine/Content/Functions/Engine_MaterialFunctions02/WorldPositionOffset/ObjectScale.uasset" 349
"../../../Engine/Content/Functions/Engine_MaterialFunctions02/ObjectLocalBounds.uasset" 350
"../../../Engine/Content/Functions/Engine_MaterialFunctions02/ObjectLocalBounds.uexp" 351
"../../../Engine/Content/Functions/Engine_MaterialFunctions02/UVs/BoundingBoxBased_0-1_UVW.uexp" 352
"../../../Engine/Content/Functions/Engine_MaterialFunctions02/UVs/BoundingBoxBased_0-1_UVW.uasset" 353
"../../../Engine/Plugins/Editor/SpeedTreeImporter/Content/SpeedTree9/SpeedTreeWind.uasset" 354
"../../../Engine/Plugins/Editor/SpeedTreeImporter/Content/SpeedTree9/SpeedTreeWind.uexp" 355
"../../../Engine/Plugins/Editor/SpeedTreeImporter/Content/SpeedTree9/SpeedTreeBillboard.uexp" 356
"../../../Engine/Plugins/Editor/SpeedTreeImporter/Content/SpeedTree9/SpeedTreeBillboard.uasset" 357
"../../../Engine/Plugins/Editor/SpeedTreeImporter/Content/SpeedTree9/EmptyNormal.uasset" 358
"../../../Engine/Plugins/Editor/SpeedTreeImporter/Content/SpeedTree9/EmptyNormal.uexp" 359
"../../../Engine/Plugins/Editor/SpeedTreeImporter/Content/SpeedTree9/Empty.uasset" 360
"../../../Engine/Plugins/Editor/SpeedTreeImporter/Content/SpeedTree9/Empty.uexp" 361
"../../../Engine/Plugins/Editor/SpeedTreeImporter/Content/SpeedTree9/SpeedTreeBillboardMaster.uasset" 362
"../../../Engine/Plugins/Editor/SpeedTreeImporter/Content/SpeedTree9/SpeedTreeBillboardMaster.uexp" 363
"../../../Engine/Plugins/Interchange/Assets/Content/Functions/MX_ConductorBSDF.uexp" 364
"../../../Engine/Plugins/Interchange/Assets/Content/Functions/MX_ConductorBSDF.uasset" 365
"../../../Engine/Plugins/Animation/ControlRig/Content/Controls/ControlRig_Arrow4_1mm.ubulk" 366
"../../../Engine/Plugins/Animation/ControlRig/Content/Controls/ControlRig_Arrow4_1mm.uasset" 367
"../../../Engine/Plugins/Animation/ControlRig/Content/Controls/ControlRig_Arrow4_1mm.uexp" 368
"../../../Engine/Plugins/Editor/SpeedTreeImporter/Content/SpeedTree9/SpeedTreeCameraFacing.uasset" 369
"../../../Engine/Plugins/Editor/SpeedTreeImporter/Content/SpeedTree9/SpeedTreeCameraFacing.uexp" 370
"../../../Engine/Plugins/Editor/SpeedTreeImporter/Content/SpeedTree9/SpeedTreeMaster.uexp" 371
"../../../Engine/Plugins/Editor/SpeedTreeImporter/Content/SpeedTree9/SpeedTreeMaster.uasset" 372
"../../../Engine/Plugins/Interchange/Assets/Content/Functions/MX_SurfaceUnlit.uasset" 373
"../../../Engine/Plugins/Interchange/Assets/Content/Functions/MX_SurfaceUnlit.uexp" 374
"../../../Engine/Plugins/Interchange/Assets/Content/Functions/MX_MeasuredEDF.uasset" 375
"../../../Engine/Plugins/Interchange/Assets/Content/Functions/MX_MeasuredEDF.uexp" 376
"../../../Engine/Plugins/Animation/ControlRig/Content/Controls/ControlRig_Square_solid.uexp" 377
"../../../Engine/Plugins/Animation/ControlRig/Content/Controls/ControlRig_Square_solid.uasset" 378
"../../../Engine/Plugins/Animation/ControlRig/Content/Controls/ControlRig_Square_solid.ubulk" 379
"../../../Engine/Plugins/Interchange/Runtime/Content/Pipelines/DefaultGLTFPipeline.uexp" 380
"../../../Engine/Plugins/Interchange/Runtime/Content/Pipelines/DefaultGLTFPipeline.uasset" 381
"../../../Engine/Plugins/Interchange/Assets/Content/Functions/MX_ConicalEDF.uasset" 382
"../../../Engine/Plugins/Interchange/Assets/Content/Functions/MX_ConicalEDF.uexp" 383
"../../../Engine/Plugins/Animation/ControlRig/Content/Controls/ControlRig_Diamond_3mm.ubulk" 384
"../../../Engine/Plugins/Animation/ControlRig/Content/Controls/ControlRig_Diamond_3mm.uasset" 385
"../../../Engine/Plugins/Animation/ControlRig/Content/Controls/ControlRig_Diamond_3mm.uexp" 386
"../../../Engine/Plugins/Animation/ControlRig/Content/Controls/ControlRig_Arrow_3mm.uexp" 387
"../../../Engine/Plugins/Animation/ControlRig/Content/Controls/ControlRig_Arrow_3mm.uasset" 388
"../../../Engine/Plugins/Animation/ControlRig/Content/Controls/ControlRig_Arrow_3mm.ubulk" 389
"../../../Engine/Plugins/Interchange/Assets/Content/Functions/MX_TransmissionSurface.uexp" 390
"../../../Engine/Plugins/Interchange/Assets/Content/Functions/MX_TransmissionSurface.uasset" 391
"../../../Engine/Plugins/Interchange/Assets/Content/Functions/MX_OpenPBR_Translucent.uasset" 392
"../../../Engine/Plugins/Interchange/Assets/Content/Functions/MX_OpenPBR_Translucent.uexp" 393
"../../../Engine/Plugins/Interchange/Runtime/Content/Pipelines/DefaultTexturePipeline.uasset" 394
"../../../Engine/Plugins/Interchange/Runtime/Content/Pipelines/DefaultTexturePipeline.uexp" 395
"../../../Engine/Plugins/Runtime/AudioWidgets/Content/Resources/ScrubHandleDown_Clamped.uasset" 396
"../../../Engine/Plugins/Runtime/AudioWidgets/Content/Resources/ScrubHandleDown_Clamped.uexp" 397
"../../../Engine/Plugins/Interchange/Assets/Content/Functions/MX_SubsurfaceBSDF.uexp" 398
"../../../Engine/Plugins/Interchange/Assets/Content/Functions/MX_SubsurfaceBSDF.uasset" 399
"../../../Engine/Plugins/Animation/ControlRig/Content/Controls/ControlRig_Hexagon_3mm.uexp" 400
"../../../Engine/Plugins/Animation/ControlRig/Content/Controls/ControlRig_Hexagon_3mm.uasset" 401
"../../../Engine/Plugins/Animation/ControlRig/Content/Controls/ControlRig_Hexagon_3mm.ubulk" 402
"../../../Engine/Plugins/Animation/ControlRig/Content/Controls/ControlRig_Sphere_solid.uexp" 403
"../../../Engine/Plugins/Animation/ControlRig/Content/Controls/ControlRig_Sphere_solid.uasset" 404
"../../../Engine/Plugins/Animation/ControlRig/Content/Controls/ControlRig_Sphere_solid.ubulk" 405
"../../../Engine/Plugins/Interchange/Assets/Content/Functions/MX_Surface.uexp" 406
"../../../Engine/Plugins/Interchange/Assets/Content/Functions/MX_Surface.uasset" 407
"../../../Engine/Plugins/Interchange/Assets/Content/Functions/MX_SheenBSDF.uexp" 408
"../../../Engine/Plugins/Interchange/Assets/Content/Functions/MX_SheenBSDF.uasset" 409
"../../../Engine/Plugins/Interchange/Runtime/Content/Pipelines/DefaultMaterialPipeline.uasset" 410
"../../../Engine/Plugins/Interchange/Runtime/Content/Pipelines/DefaultMaterialPipeline.uexp" 411
"../../../Engine/Plugins/Animation/ControlRig/Content/Controls/ControlRig_Square_3mm.uexp" 412
"../../../Engine/Plugins/Animation/ControlRig/Content/Controls/ControlRig_Square_3mm.ubulk" 413
"../../../Engine/Plugins/Animation/ControlRig/Content/Controls/ControlRig_Square_3mm.uasset" 414
"../../../Engine/Plugins/Interchange/Assets/Content/Functions/MX_AnisotropicVDF.uexp" 415
"../../../Engine/Plugins/Interchange/Assets/Content/Functions/MX_AnisotropicVDF.uasset" 416
"../../../Engine/Plugins/Animation/ControlRig/Content/Controls/ControlRig_Star4_3mm.uasset" 417
"../../../Engine/Plugins/Animation/ControlRig/Content/Controls/ControlRig_Star4_3mm.uexp" 418
"../../../Engine/Plugins/Animation/ControlRig/Content/Controls/ControlRig_Star4_3mm.ubulk" 419
"../../../Engine/Plugins/Interchange/Assets/Content/Functions/MX_UniformEDF.uexp" 420
"../../../Engine/Plugins/Interchange/Assets/Content/Functions/MX_UniformEDF.uasset" 421
"../../../Engine/Content/EngineMaterials/DefaultWhiteGrid_Low.uasset" 422
"../../../Engine/Content/EngineMaterials/DefaultWhiteGrid_Low.uexp" 423
"../../../Engine/Content/EngineMaterials/EmissiveMeshMaterial.uexp" 424
"../../../Engine/Content/EngineMaterials/EmissiveMeshMaterial.uasset" 425
"../../../Engine/Plugins/Interchange/Assets/Content/Functions/MX_TranslucentBSDF.uasset" 426
"../../../Engine/Plugins/Interchange/Assets/Content/Functions/MX_TranslucentBSDF.uexp" 427
"../../../Engine/Plugins/Interchange/Runtime/Content/Pipelines/DefaultAudioPipeline.uasset" 428
"../../../Engine/Plugins/Interchange/Runtime/Content/Pipelines/DefaultAudioPipeline.uexp" 429
"../../../Engine/Plugins/Interchange/Runtime/Content/Pipelines/DefaultMaterialXPipeline.uexp" 430
"../../../Engine/Plugins/Interchange/Runtime/Content/Pipelines/DefaultMaterialXPipeline.uasset" 431
"../../../Engine/Plugins/Animation/ControlRig/Content/Controls/ControlRig_RoundedSquare_3mm.uasset" 432
"../../../Engine/Plugins/Animation/ControlRig/Content/Controls/ControlRig_RoundedSquare_3mm.ubulk" 433
"../../../Engine/Plugins/Animation/ControlRig/Content/Controls/ControlRig_RoundedSquare_3mm.uexp" 434
"../../../Engine/Plugins/Interchange/Assets/Content/Functions/MX_UsdPreviewSurface.uexp" 435
"../../../Engine/Plugins/Interchange/Assets/Content/Functions/MX_UsdPreviewSurface.uasset" 436
"../../../Engine/Plugins/Interchange/Runtime/Content/Pipelines/DefaultSceneLevelPipeline.uexp" 437
"../../../Engine/Plugins/Interchange/Runtime/Content/Pipelines/DefaultSceneLevelPipeline.uasset" 438
"../../../Engine/Content/EngineMaterials/Widget3DPassThrough_Masked_OneSided.uexp" 439
"../../../Engine/Content/EngineMaterials/Widget3DPassThrough_Masked_OneSided.uasset" 440
"../../../Engine/Content/VREditor/TransformGizmo/Main.uasset" 441
"../../../Engine/Content/VREditor/TransformGizmo/Main.uexp" 442
"../../../Engine/Content/VREditor/TransformGizmo/Xray.uexp" 443
"../../../Engine/Content/VREditor/TransformGizmo/Xray.uasset" 444
"../../../Engine/Content/VREditor/TransformGizmo/SM_Sequencer_Node.uexp" 445
"../../../Engine/Content/VREditor/TransformGizmo/SM_Sequencer_Node.ubulk" 446
"../../../Engine/Content/VREditor/TransformGizmo/SM_Sequencer_Node.uasset" 447
"../../../Engine/Content/VREditor/TransformGizmo/BoundingBoxEdge.ubulk" 448
"../../../Engine/Content/VREditor/TransformGizmo/BoundingBoxEdge.uexp" 449
"../../../Engine/Content/VREditor/TransformGizmo/BoundingBoxEdge.uasset" 450
"../../../Engine/Plugins/Interchange/Assets/Content/Functions/MX_OrenNayarBSDF.uasset" 451
"../../../Engine/Plugins/Interchange/Assets/Content/Functions/MX_OrenNayarBSDF.uexp" 452
"../../../Engine/Plugins/Animation/ControlRig/Content/Controls/DefaultGizmoLibraryNormalized.uexp" 453
"../../../Engine/Plugins/Animation/ControlRig/Content/Controls/DefaultGizmoLibraryNormalized.uasset" 454
"../../../Engine/Plugins/Runtime/HairStrands/Content/Materials/HairMeshesDefaultMaterial.uasset" 455
"../../../Engine/Plugins/Runtime/HairStrands/Content/Materials/HairMeshesDefaultMaterial.uexp" 456
"../../../Engine/Plugins/Animation/ControlRig/Content/Controls/ControlRig_Wedge_1mm.uasset" 457
"../../../Engine/Plugins/Animation/ControlRig/Content/Controls/ControlRig_Wedge_1mm.ubulk" 458
"../../../Engine/Plugins/Animation/ControlRig/Content/Controls/ControlRig_Wedge_1mm.uexp" 459
"../../../Engine/Content/EngineResources/FilmGrains/Marcie_Grain_v3_128_M2_000.uexp" 460
"../../../Engine/Content/EngineResources/FilmGrains/Marcie_Grain_v3_128_M2_000.uasset" 461
"../../../Engine/Plugins/Animation/ControlRig/Content/Controls/ControlRig_HalfCircle_3mm.uasset" 462
"../../../Engine/Plugins/Animation/ControlRig/Content/Controls/ControlRig_HalfCircle_3mm.uexp" 463
"../../../Engine/Plugins/Animation/ControlRig/Content/Controls/ControlRig_HalfCircle_3mm.ubulk" 464
"../../../Engine/Content/EngineResources/Development/ZenLogo_64.uasset" 465
"../../../Engine/Content/EngineResources/Development/ZenLogo_64.uexp" 466
"../../../Engine/Plugins/Animation/ControlRig/Content/Controls/ControlRig_RoundedTriangle_solid.ubulk" 467
"../../../Engine/Plugins/Animation/ControlRig/Content/Controls/ControlRig_RoundedTriangle_solid.uasset" 468
"../../../Engine/Plugins/Animation/ControlRig/Content/Controls/ControlRig_RoundedTriangle_solid.uexp" 469
"../../../Engine/Plugins/Runtime/HairStrands/Content/Materials/HairDefaultMaterial.uasset" 470
"../../../Engine/Plugins/Runtime/HairStrands/Content/Materials/HairDefaultMaterial.uexp" 471
"../../../Engine/Plugins/Interchange/Assets/Content/Functions/MX_AbsorptionVDF.uasset" 472
"../../../Engine/Plugins/Interchange/Assets/Content/Functions/MX_AbsorptionVDF.uexp" 473
"../../../Engine/Plugins/Animation/ControlRig/Content/Controls/ControlRig_Triangle_1mm.uasset" 474
"../../../Engine/Plugins/Animation/ControlRig/Content/Controls/ControlRig_Triangle_1mm.uexp" 475
"../../../Engine/Plugins/Animation/ControlRig/Content/Controls/ControlRig_Triangle_1mm.ubulk" 476
"../../../Engine/Plugins/Interchange/Assets/Content/Functions/MX_GeneralizedSchlickBSDF.uexp" 477
"../../../Engine/Plugins/Interchange/Assets/Content/Functions/MX_GeneralizedSchlickBSDF.uasset" 478
"../../../Engine/Content/EngineMaterials/LTC/GGX_LTCMat.uexp" 479
"../../../Engine/Content/EngineMaterials/LTC/GGX_LTCMat.uasset" 480
"../../../Engine/Plugins/Animation/ControlRig/Content/Controls/ControlRig_Sphere_3mm.uasset" 481
"../../../Engine/Plugins/Animation/ControlRig/Content/Controls/ControlRig_Sphere_3mm.uexp" 482
"../../../Engine/Plugins/Animation/ControlRig/Content/Controls/ControlRig_Sphere_3mm.ubulk" 483
"../../../Engine/Content/Functions/Engine_MaterialFunctions02/Utility/MakeFloat2.uexp" 484
"../../../Engine/Content/Functions/Engine_MaterialFunctions02/Utility/MakeFloat2.uasset" 485
"../../../Engine/Content/EngineMaterials/HairColorMap.uasset" 486
"../../../Engine/Content/EngineMaterials/HairColorMap.uexp" 487
"../../../Engine/Content/EngineMaterials/HairDebugColor.uexp" 488
"../../../Engine/Content/EngineMaterials/HairDebugColor.uasset" 489
"../../../Engine/Plugins/Runtime/HairStrands/Content/Materials/HairGroupColors.uexp" 490
"../../../Engine/Plugins/Runtime/HairStrands/Content/Materials/HairGroupColors.uasset" 491
"../../../Engine/Plugins/Runtime/HairStrands/Content/Materials/HairDebugMaterial.uexp" 492
"../../../Engine/Plugins/Runtime/HairStrands/Content/Materials/HairDebugMaterial.uasset" 493
"../../../Engine/Content/EngineMaterials/LTC/Sheen_LTC.uasset" 494
"../../../Engine/Content/EngineMaterials/LTC/Sheen_LTC.uexp" 495
"../../../Engine/Content/EngineMaterials/EnergyConservation/GGX_ReflectionEnergy.uasset" 496
"../../../Engine/Content/EngineMaterials/EnergyConservation/GGX_ReflectionEnergy.uexp" 497
"../../../Engine/Plugins/Animation/ControlRig/Content/Controls/ControlRig_Octagon_1mm.uasset" 498
"../../../Engine/Plugins/Animation/ControlRig/Content/Controls/ControlRig_Octagon_1mm.ubulk" 499
"../../../Engine/Plugins/Animation/ControlRig/Content/Controls/ControlRig_Octagon_1mm.uexp" 500
"../../../Engine/Plugins/Interchange/Assets/Content/Functions/MX_DielectricBSDF.uasset" 501
"../../../Engine/Plugins/Interchange/Assets/Content/Functions/MX_DielectricBSDF.uexp" 502
"../../../Engine/Plugins/Animation/ControlRig/Content/Controls/ControlRig_Box_1mm.ubulk" 503
"../../../Engine/Plugins/Animation/ControlRig/Content/Controls/ControlRig_Box_1mm.uexp" 504
"../../../Engine/Plugins/Animation/ControlRig/Content/Controls/ControlRig_Box_1mm.uasset" 505
"../../../Engine/Content/EngineMaterials/LTC/GGX_LTCAmp.uexp" 506
"../../../Engine/Content/EngineMaterials/LTC/GGX_LTCAmp.uasset" 507
"../../../Engine/Content/MobileResources/HUD/VirtualJoystick_Thumb.uasset" 508
"../../../Engine/Content/MobileResources/HUD/VirtualJoystick_Thumb.uexp" 509
"../../../Engine/Content/MobileResources/HUD/VirtualJoystick_Background.uexp" 510
"../../../Engine/Content/MobileResources/HUD/VirtualJoystick_Background.uasset" 511
"../../../Engine/Content/MobileResources/HUD/DefaultVirtualJoysticks.uasset" 512
"../../../Engine/Content/MobileResources/HUD/DefaultVirtualJoysticks.uexp" 513
"../../../Engine/Plugins/Animation/ControlRig/Content/Controls/ControlRig_Arrow2_3mm.uasset" 514
"../../../Engine/Plugins/Animation/ControlRig/Content/Controls/ControlRig_Arrow2_3mm.ubulk" 515
"../../../Engine/Plugins/Animation/ControlRig/Content/Controls/ControlRig_Arrow2_3mm.uexp" 516
"../../../Engine/Content/EngineMaterials/DefaultBloomKernel.uexp" 517
"../../../Engine/Content/EngineMaterials/DefaultBloomKernel.uasset" 518
"../../../Engine/Content/EngineMaterials/EnergyConservation/GGX_TransmissionEnergyArray.uasset" 519
"../../../Engine/Content/EngineMaterials/EnergyConservation/GGX_TransmissionEnergyArray.uexp" 520
"../../../Engine/Plugins/Animation/ControlRig/Content/Controls/ControlRig_Diamond_solid.uexp" 521
"../../../Engine/Plugins/Animation/ControlRig/Content/Controls/ControlRig_Diamond_solid.ubulk" 522
"../../../Engine/Plugins/Animation/ControlRig/Content/Controls/ControlRig_Diamond_solid.uasset" 523
"../../../Engine/Content/EngineMaterials/EnergyConservation/Sheen_Energy.uasset" 524
"../../../Engine/Content/EngineMaterials/EnergyConservation/Sheen_Energy.uexp" 525
"../../../Engine/Content/VREditor/TransformGizmo/BoundingBoxCorner.ubulk" 526
"../../../Engine/Content/VREditor/TransformGizmo/BoundingBoxCorner.uasset" 527
"../../../Engine/Content/VREditor/TransformGizmo/BoundingBoxCorner.uexp" 528
"../../../Engine/Plugins/Animation/ControlRig/Content/Controls/ControlRig_Star4_solid.uasset" 529
"../../../Engine/Plugins/Animation/ControlRig/Content/Controls/ControlRig_Star4_solid.uexp" 530
"../../../Engine/Plugins/Animation/ControlRig/Content/Controls/ControlRig_Star4_solid.ubulk" 531
"../../../Engine/Plugins/Interchange/Assets/Content/Functions/MX_Displacement.uexp" 532
"../../../Engine/Plugins/Interchange/Assets/Content/Functions/MX_Displacement.uasset" 533
"../../../Engine/Content/EngineMaterials/EnergyConservation/SheenLegacy_Energy.uasset" 534
"../../../Engine/Content/EngineMaterials/EnergyConservation/SheenLegacy_Energy.uexp" 535
"../../../Engine/Plugins/Runtime/HairStrands/Content/Materials/HairCardsDefaultMaterial.uexp" 536
"../../../Engine/Plugins/Runtime/HairStrands/Content/Materials/HairCardsDefaultMaterial.uasset" 537
"../../../Engine/Content/EngineMaterials/EnergyConservation/Diffuse_Energy.uexp" 538
"../../../Engine/Content/EngineMaterials/EnergyConservation/Diffuse_Energy.uasset" 539
"../../../Engine/Plugins/Animation/ControlRig/Content/Controls/ControlRig_RoundedSquare_solid.uexp" 540
"../../../Engine/Plugins/Animation/ControlRig/Content/Controls/ControlRig_RoundedSquare_solid.ubulk" 541
"../../../Engine/Plugins/Animation/ControlRig/Content/Controls/ControlRig_RoundedSquare_solid.uasset" 542
"../../../Engine/Plugins/Animation/ControlRig/Content/Controls/ControlRig_Arrow4_solid.uexp" 543
"../../../Engine/Plugins/Animation/ControlRig/Content/Controls/ControlRig_Arrow4_solid.uasset" 544
"../../../Engine/Plugins/Animation/ControlRig/Content/Controls/ControlRig_Arrow4_solid.ubulk" 545
"../../../Engine/Plugins/Animation/ControlRig/Content/Controls/ControlRig_Circle_solid.ubulk" 546
"../../../Engine/Plugins/Animation/ControlRig/Content/Controls/ControlRig_Circle_solid.uexp" 547
"../../../Engine/Plugins/Animation/ControlRig/Content/Controls/ControlRig_Circle_solid.uasset" 548
"../../../Engine/Content/EngineMaterials/Black_1x1_EXR_Texture_VT.uexp" 549
"../../../Engine/Content/EngineMaterials/Black_1x1_EXR_Texture_VT.uasset" 550
"../../../Engine/Content/EngineMaterials/Black_1x1_EXR_Texture_VT.ubulk" 551
"../../../Engine/Content/EngineMaterials/BaseFlattenNormalMap_VT.uasset" 552
"../../../Engine/Content/EngineMaterials/BaseFlattenNormalMap_VT.ubulk" 553
"../../../Engine/Content/EngineMaterials/BaseFlattenNormalMap_VT.uexp" 554
"../../../Engine/Content/EngineMaterials/BaseFlattenGrayscaleMap_VT.uexp" 555
"../../../Engine/Content/EngineMaterials/BaseFlattenGrayscaleMap_VT.ubulk" 556
"../../../Engine/Content/EngineMaterials/BaseFlattenGrayscaleMap_VT.uasset" 557
"../../../Engine/Content/EngineMaterials/BaseFlattenLinearColor_VT.uasset" 558
"../../../Engine/Content/EngineMaterials/BaseFlattenLinearColor_VT.ubulk" 559
"../../../Engine/Content/EngineMaterials/BaseFlattenLinearColor_VT.uexp" 560
"../../../Engine/Content/EngineMaterials/BaseFlattenDiffuseMap_VT.uasset" 561
"../../../Engine/Content/EngineMaterials/BaseFlattenDiffuseMap_VT.ubulk" 562
"../../../Engine/Content/EngineMaterials/BaseFlattenDiffuseMap_VT.uexp" 563
"../../../Engine/Content/EngineMaterials/BaseFlattenEmissiveMap_VT.ubulk" 564
"../../../Engine/Content/EngineMaterials/BaseFlattenEmissiveMap_VT.uexp" 565
"../../../Engine/Content/EngineMaterials/BaseFlattenEmissiveMap_VT.uasset" 566
"../../../Engine/Content/EngineMaterials/FlattenMaterial_WS_Normal_VT.uexp" 567
"../../../Engine/Content/EngineMaterials/FlattenMaterial_WS_Normal_VT.uasset" 568
"../../../Engine/Plugins/Animation/ControlRig/Content/Controls/ControlRig_Square_1mm.ubulk" 569
"../../../Engine/Plugins/Animation/ControlRig/Content/Controls/ControlRig_Square_1mm.uexp" 570
"../../../Engine/Plugins/Animation/ControlRig/Content/Controls/ControlRig_Square_1mm.uasset" 571
"../../../Engine/Content/EditorResources/SequenceRecorder/Countdown.uasset" 572
"../../../Engine/Content/EditorResources/SequenceRecorder/Countdown.uexp" 573
"../../../Engine/Plugins/Animation/ControlRig/Content/Controls/ControlRig_Arrow_1mm.uasset" 574
"../../../Engine/Plugins/Animation/ControlRig/Content/Controls/ControlRig_Arrow_1mm.uexp" 575
"../../../Engine/Plugins/Animation/ControlRig/Content/Controls/ControlRig_Arrow_1mm.ubulk" 576
"../../../Engine/Content/EditorResources/SequenceRecorder/RecordingIndicator.uexp" 577
"../../../Engine/Content/EditorResources/SequenceRecorder/RecordingIndicator.uasset" 578
"../../../Engine/Plugins/Animation/ControlRig/Content/Controls/ControlRig_QuarterCircle_solid.uasset" 579
"../../../Engine/Plugins/Animation/ControlRig/Content/Controls/ControlRig_QuarterCircle_solid.ubulk" 580
"../../../Engine/Plugins/Animation/ControlRig/Content/Controls/ControlRig_QuarterCircle_solid.uexp" 581
"../../../Engine/Plugins/Interchange/Assets/Content/Functions/MX_BurleyDiffuseBSDF.uasset" 582
"../../../Engine/Plugins/Interchange/Assets/Content/Functions/MX_BurleyDiffuseBSDF.uexp" 583
"../../../Engine/Plugins/Animation/ControlRig/Content/Controls/ControlRig_Hexagon_1mm.uasset" 584
"../../../Engine/Plugins/Animation/ControlRig/Content/Controls/ControlRig_Hexagon_1mm.uexp" 585
"../../../Engine/Plugins/Animation/ControlRig/Content/Controls/ControlRig_Hexagon_1mm.ubulk" 586
"../../../Engine/Content/EngineMaterials/RemoveSurfaceMaterial.uasset" 587
"../../../Engine/Content/EngineMaterials/RemoveSurfaceMaterial.uexp" 588
"../../../Engine/Plugins/Interchange/Assets/Content/Functions/MX_ChiangHairBSDF.uasset" 589
"../../../Engine/Plugins/Interchange/Assets/Content/Functions/MX_ChiangHairBSDF.uexp" 590
"../../../Engine/Content/EngineMaterials/DefaultDeferredDecalMaterial.uexp" 591
"../../../Engine/Content/EngineMaterials/DefaultDeferredDecalMaterial.uasset" 592
"../../../Engine/Plugins/Animation/ControlRig/Content/Controls/ControlRig_Arrow4_3mm.uasset" 593
"../../../Engine/Plugins/Animation/ControlRig/Content/Controls/ControlRig_Arrow4_3mm.ubulk" 594
"../../../Engine/Plugins/Animation/ControlRig/Content/Controls/ControlRig_Arrow4_3mm.uexp" 595
"../../../Engine/Plugins/Animation/ControlRig/Content/Controls/ControlRig_Arrow2_solid.uasset" 596
"../../../Engine/Plugins/Animation/ControlRig/Content/Controls/ControlRig_Arrow2_solid.uexp" 597
"../../../Engine/Plugins/Animation/ControlRig/Content/Controls/ControlRig_Arrow2_solid.ubulk" 598
"../../../Engine/Plugins/Animation/ControlRig/Content/Controls/ControlRig_Diamond_1mm.uasset" 599
"../../../Engine/Plugins/Animation/ControlRig/Content/Controls/ControlRig_Diamond_1mm.uexp" 600
"../../../Engine/Plugins/Animation/ControlRig/Content/Controls/ControlRig_Diamond_1mm.ubulk" 601
"../../../Engine/Plugins/Animation/ControlRig/Content/Controls/ControlRig_Triangle_solid.uasset" 602
"../../../Engine/Plugins/Animation/ControlRig/Content/Controls/ControlRig_Triangle_solid.ubulk" 603
"../../../Engine/Plugins/Animation/ControlRig/Content/Controls/ControlRig_Triangle_solid.uexp" 604
"../../../Engine/Content/EngineMaterials/DefaultPostProcessMaterial.uexp" 605
"../../../Engine/Content/EngineMaterials/DefaultPostProcessMaterial.uasset" 606
"../../../Engine/Plugins/Animation/ControlRig/Content/Controls/ControlRig_RoundedTriangle_3mm.uasset" 607
"../../../Engine/Plugins/Animation/ControlRig/Content/Controls/ControlRig_RoundedTriangle_3mm.uexp" 608
"../../../Engine/Plugins/Animation/ControlRig/Content/Controls/ControlRig_RoundedTriangle_3mm.ubulk" 609
"../../../Engine/Content/EngineMaterials/DefaultPhysicalMaterial.uasset" 610
"../../../Engine/Content/EngineMaterials/DefaultPhysicalMaterial.uexp" 611
"../../../Engine/Plugins/Animation/ControlRig/Content/Controls/ControlRig_Circle_1mm.ubulk" 612
"../../../Engine/Plugins/Animation/ControlRig/Content/Controls/ControlRig_Circle_1mm.uexp" 613
"../../../Engine/Plugins/Animation/ControlRig/Content/Controls/ControlRig_Circle_1mm.uasset" 614
"../../../Engine/Plugins/Animation/ControlRig/Content/Controls/ControlRig_QuarterCircle_3mm.ubulk" 615
"../../../Engine/Plugins/Animation/ControlRig/Content/Controls/ControlRig_QuarterCircle_3mm.uexp" 616
"../../../Engine/Plugins/Animation/ControlRig/Content/Controls/ControlRig_QuarterCircle_3mm.uasset" 617
"../../../Engine/Plugins/Animation/ControlRig/Content/Controls/ControlRig_Pyramid_3mm.uasset" 618
"../../../Engine/Plugins/Animation/ControlRig/Content/Controls/ControlRig_Pyramid_3mm.ubulk" 619
"../../../Engine/Plugins/Animation/ControlRig/Content/Controls/ControlRig_Pyramid_3mm.uexp" 620
"../../../Engine/Content/EditorMaterials/Camera/CineMat.uasset" 621
"../../../Engine/Content/EditorMaterials/Camera/CineMat.uexp" 622
"../../../Engine/Content/EditorMaterials/Camera/MI_CineMat_Rig.uasset" 623
"../../../Engine/Content/EditorMaterials/Camera/MI_CineMat_Rig.uexp" 624
"../../../Engine/Content/EditorMeshes/Camera/SM_CraneRig_Body.ubulk" 625
"../../../Engine/Content/EditorMeshes/Camera/SM_CraneRig_Body.uasset" 626
"../../../Engine/Content/EditorMeshes/Camera/SM_CraneRig_Body.uexp" 627
"../../../Engine/Content/EngineMaterials/FlattenMaterial_VT.uasset" 628
"../../../Engine/Content/EngineMaterials/FlattenMaterial_VT.uexp" 629
"../../../Engine/Plugins/Animation/ControlRig/Content/Controls/ControlRig_Sphere_1mm.uasset" 630
"../../../Engine/Plugins/Animation/ControlRig/Content/Controls/ControlRig_Sphere_1mm.uexp" 631
"../../../Engine/Plugins/Animation/ControlRig/Content/Controls/ControlRig_Sphere_1mm.ubulk" 632
"../../../Engine/Content/EditorMeshes/Camera/SM_RailRig_Mount.ubulk" 633
"../../../Engine/Content/EditorMeshes/Camera/SM_RailRig_Mount.uexp" 634
"../../../Engine/Content/EditorMeshes/Camera/SM_RailRig_Mount.uasset" 635
"../../../Engine/Content/EngineMaterials/FastBlueNoise_scalar_128x128x64.uexp" 636
"../../../Engine/Content/EngineMaterials/FastBlueNoise_scalar_128x128x64.uasset" 637
"../../../Engine/Plugins/Animation/ControlRig/Content/Controls/ControlRig_Box_3mm.uexp" 638
"../../../Engine/Plugins/Animation/ControlRig/Content/Controls/ControlRig_Box_3mm.ubulk" 639
"../../../Engine/Plugins/Animation/ControlRig/Content/Controls/ControlRig_Box_3mm.uasset" 640
"../../../Engine/Content/EditorMeshes/Camera/SM_CraneRig_Base.ubulk" 641
"../../../Engine/Content/EditorMeshes/Camera/SM_CraneRig_Base.uexp" 642
"../../../Engine/Content/EditorMeshes/Camera/SM_CraneRig_Base.uasset" 643
"../../../Engine/Plugins/Animation/ControlRig/Content/Controls/ControlRig_Octagon_3mm.uexp" 644
"../../../Engine/Plugins/Animation/ControlRig/Content/Controls/ControlRig_Octagon_3mm.ubulk" 645
"../../../Engine/Plugins/Animation/ControlRig/Content/Controls/ControlRig_Octagon_3mm.uasset" 646
"../../../Engine/Content/EditorMeshes/Camera/SM_CraneRig_Mount.uexp" 647
"../../../Engine/Content/EditorMeshes/Camera/SM_CraneRig_Mount.ubulk" 648
"../../../Engine/Content/EditorMeshes/Camera/SM_CraneRig_Mount.uasset" 649
"../../../Engine/Content/EditorMeshes/Camera/SM_CraneRig_Arm.ubulk" 650
"../../../Engine/Content/EditorMeshes/Camera/SM_CraneRig_Arm.uexp" 651
"../../../Engine/Content/EditorMeshes/Camera/SM_CraneRig_Arm.uasset" 652
"../../../Engine/Plugins/Animation/ControlRig/Content/Controls/ControlRig_Arrow2_1mm.uexp" 653
"../../../Engine/Plugins/Animation/ControlRig/Content/Controls/ControlRig_Arrow2_1mm.ubulk" 654
"../../../Engine/Plugins/Animation/ControlRig/Content/Controls/ControlRig_Arrow2_1mm.uasset" 655
"../../../Engine/Content/EditorMaterials/ParticleSystems/PSysThumbnail_NoImage.ubulk" 656
"../../../Engine/Content/EditorMaterials/ParticleSystems/PSysThumbnail_NoImage.uexp" 657
"../../../Engine/Content/EditorMaterials/ParticleSystems/PSysThumbnail_NoImage.uasset" 658
"../../../Engine/Content/EditorMeshes/Camera/SM_RailRig_Track.uexp" 659
"../../../Engine/Content/EditorMeshes/Camera/SM_RailRig_Track.ubulk" 660
"../../../Engine/Content/EditorMeshes/Camera/SM_RailRig_Track.uasset" 661
"../../../Engine/Content/EditorMaterials/ParticleSystems/PSysThumbnail_OOD.ubulk" 662
"../../../Engine/Content/EditorMaterials/ParticleSystems/PSysThumbnail_OOD.uexp" 663
"../../../Engine/Content/EditorMaterials/ParticleSystems/PSysThumbnail_OOD.uasset" 664
"../../../Engine/Plugins/Animation/ControlRig/Content/Controls/ControlRig_HalfCircle_solid.uexp" 665
"../../../Engine/Plugins/Animation/ControlRig/Content/Controls/ControlRig_HalfCircle_solid.ubulk" 666
"../../../Engine/Plugins/Animation/ControlRig/Content/Controls/ControlRig_HalfCircle_solid.uasset" 667
"../../../Engine/Content/EditorMaterials/Dataflow/DataflowVertexMaterial.uasset" 668
"../../../Engine/Content/EditorMaterials/Dataflow/DataflowVertexMaterial.uexp" 669
"../../../Engine/Plugins/Animation/ControlRig/Content/Controls/ControlRig_HalfCircle_1mm.ubulk" 670
"../../../Engine/Plugins/Animation/ControlRig/Content/Controls/ControlRig_HalfCircle_1mm.uexp" 671
"../../../Engine/Plugins/Animation/ControlRig/Content/Controls/ControlRig_HalfCircle_1mm.uasset" 672
"../../../Engine/Content/EditorMaterials/Dataflow/DataflowTwoSidedVertexMaterial.uasset" 673
"../../../Engine/Content/EditorMaterials/Dataflow/DataflowTwoSidedVertexMaterial.uexp" 674
"../../../Engine/Plugins/Animation/ControlRig/Content/Controls/ControlRig_Wedge_3mm.uasset" 675
"../../../Engine/Plugins/Animation/ControlRig/Content/Controls/ControlRig_Wedge_3mm.ubulk" 676
"../../../Engine/Plugins/Animation/ControlRig/Content/Controls/ControlRig_Wedge_3mm.uexp" 677
"../../../Engine/Plugins/Animation/ControlRig/Content/Controls/ControlRig_Box_solid.uasset" 678
"../../../Engine/Plugins/Animation/ControlRig/Content/Controls/ControlRig_Box_solid.ubulk" 679
"../../../Engine/Plugins/Animation/ControlRig/Content/Controls/ControlRig_Box_solid.uexp" 680
"../../../Engine/Plugins/Animation/ControlRig/Content/Controls/ControlRig_Triangle_3mm.uasset" 681
"../../../Engine/Plugins/Animation/ControlRig/Content/Controls/ControlRig_Triangle_3mm.uexp" 682
"../../../Engine/Plugins/Animation/ControlRig/Content/Controls/ControlRig_Triangle_3mm.ubulk" 683
"../../../Engine/Content/EngineMaterials/InvalidLightmapSettings.ubulk" 684
"../../../Engine/Content/EngineMaterials/InvalidLightmapSettings.uasset" 685
"../../../Engine/Content/EngineMaterials/InvalidLightmapSettings.uexp" 686
"../../../Engine/Content/EngineMaterials/M_InvalidLightmapSettings.uexp" 687
"../../../Engine/Content/EngineMaterials/M_InvalidLightmapSettings.uasset" 688
"../../../Engine/Plugins/Animation/ControlRig/Content/Controls/ControlRig_Arrow_solid.ubulk" 689
"../../../Engine/Plugins/Animation/ControlRig/Content/Controls/ControlRig_Arrow_solid.uexp" 690
"../../../Engine/Plugins/Animation/ControlRig/Content/Controls/ControlRig_Arrow_solid.uasset" 691
"../../../Engine/Plugins/Animation/ControlRig/Content/Controls/ControlRig_Hexagon_solid.ubulk" 692
"../../../Engine/Plugins/Animation/ControlRig/Content/Controls/ControlRig_Hexagon_solid.uexp" 693
"../../../Engine/Plugins/Animation/ControlRig/Content/Controls/ControlRig_Hexagon_solid.uasset" 694
"../../../Engine/Plugins/Interchange/Assets/Content/gltf/Textures/T_White_srgb.uasset" 695
"../../../Engine/Plugins/Interchange/Assets/Content/gltf/Textures/T_White_srgb.uexp" 696
"../../../Engine/Plugins/Interchange/Assets/Content/gltf/MaterialFunctions/MF_BaseColor.uexp" 697
"../../../Engine/Plugins/Interchange/Assets/Content/gltf/MaterialFunctions/MF_BaseColor.uasset" 698
"../../../Engine/Plugins/Interchange/Assets/Content/gltf/MaterialFunctions/MF_RotateV2.uasset" 699
"../../../Engine/Plugins/Interchange/Assets/Content/gltf/MaterialFunctions/MF_RotateV2.uexp" 700
"../../../Engine/Plugins/Interchange/Assets/Content/gltf/MaterialFunctions/MF_TransformUVs.uasset" 701
"../../../Engine/Plugins/Interchange/Assets/Content/gltf/MaterialFunctions/MF_TransformUVs.uexp" 702
"../../../Engine/Plugins/Interchange/Assets/Content/gltf/MaterialBodies/MF_Unlit_Body.uasset" 703
"../../../Engine/Plugins/Interchange/Assets/Content/gltf/MaterialBodies/MF_Unlit_Body.uexp" 704
"../../../Engine/Plugins/Interchange/Assets/Content/gltf/M_Unlit.uasset" 705
"../../../Engine/Plugins/Interchange/Assets/Content/gltf/M_Unlit.uexp" 706
"../../../Engine/Plugins/Interchange/Assets/Content/gltf/MaterialInstances/MI_Unlit_Mask_DS.uasset" 707
"../../../Engine/Plugins/Interchange/Assets/Content/gltf/MaterialInstances/MI_Unlit_Mask_DS.uexp" 708
"../../../Engine/Plugins/Interchange/Assets/Content/Utilities/New_LUT.uasset" 709
"../../../Engine/Plugins/Interchange/Assets/Content/Utilities/New_LUT.uexp" 710
"../../../Engine/Content/Functions/Engine_MaterialFunctions03/Math/RemapValueRange.uexp" 711
"../../../Engine/Content/Functions/Engine_MaterialFunctions03/Math/RemapValueRange.uasset" 712
"../../../Engine/Plugins/Interchange/Assets/Content/Functions/MF_Iridescence.uasset" 713
"../../../Engine/Plugins/Interchange/Assets/Content/Functions/MF_Iridescence.uexp" 714
"../../../Engine/Plugins/Interchange/Assets/Content/gltf/MaterialFunctions/MF_Emissive.uexp" 715
"../../../Engine/Plugins/Interchange/Assets/Content/gltf/MaterialFunctions/MF_Emissive.uasset" 716
"../../../Engine/Plugins/Interchange/Assets/Content/gltf/MaterialFunctions/MF_IOR.uexp" 717
"../../../Engine/Plugins/Interchange/Assets/Content/gltf/MaterialFunctions/MF_IOR.uasset" 718
"../../../Engine/Plugins/Interchange/Assets/Content/gltf/MaterialFunctions/MF_Iridescence.uasset" 719
"../../../Engine/Plugins/Interchange/Assets/Content/gltf/MaterialFunctions/MF_Iridescence.uexp" 720
"../../../Engine/Plugins/Interchange/Assets/Content/gltf/Textures/T_White_Linear.uexp" 721
"../../../Engine/Plugins/Interchange/Assets/Content/gltf/Textures/T_White_Linear.uasset" 722
"../../../Engine/Plugins/Interchange/Assets/Content/gltf/MaterialFunctions/MF_MetallicRoughness.uexp" 723
"../../../Engine/Plugins/Interchange/Assets/Content/gltf/MaterialFunctions/MF_MetallicRoughness.uasset" 724
"../../../Engine/Plugins/Interchange/Assets/Content/gltf/MaterialFunctions/MF_RotateNormals_TS.uexp" 725
"../../../Engine/Plugins/Interchange/Assets/Content/gltf/MaterialFunctions/MF_RotateNormals_TS.uasset" 726
"../../../Engine/Plugins/Interchange/Assets/Content/gltf/MaterialFunctions/MF_ScaleNormal.uasset" 727
"../../../Engine/Plugins/Interchange/Assets/Content/gltf/MaterialFunctions/MF_ScaleNormal.uexp" 728
"../../../Engine/Plugins/Interchange/Assets/Content/gltf/Textures/T_Generic_N.uasset" 729
"../../../Engine/Plugins/Interchange/Assets/Content/gltf/Textures/T_Generic_N.uexp" 730
"../../../Engine/Plugins/Interchange/Assets/Content/gltf/MaterialFunctions/MF_Normals.uasset" 731
"../../../Engine/Plugins/Interchange/Assets/Content/gltf/MaterialFunctions/MF_Normals.uexp" 732
"../../../Engine/Plugins/Interchange/Assets/Content/gltf/MaterialFunctions/MF_Occlusion.uasset" 733
"../../../Engine/Plugins/Interchange/Assets/Content/gltf/MaterialFunctions/MF_Occlusion.uexp" 734
"../../../Engine/Plugins/Interchange/Assets/Content/gltf/MaterialFunctions/MF_Sheen.uasset" 735
"../../../Engine/Plugins/Interchange/Assets/Content/gltf/MaterialFunctions/MF_Sheen.uexp" 736
"../../../Engine/Plugins/Interchange/Assets/Content/gltf/MaterialFunctions/MF_Specular.uexp" 737
"../../../Engine/Plugins/Interchange/Assets/Content/gltf/MaterialFunctions/MF_Specular.uasset" 738
"../../../Engine/Plugins/Interchange/Assets/Content/gltf/Textures/T_Anisotropy_Direction_Linear.uasset" 739
"../../../Engine/Plugins/Interchange/Assets/Content/gltf/Textures/T_Anisotropy_Direction_Linear.uexp" 740
"../../../Engine/Plugins/Interchange/Assets/Content/gltf/MaterialFunctions/MF_SpecularAnisotropy.uasset" 741
"../../../Engine/Plugins/Interchange/Assets/Content/gltf/MaterialFunctions/MF_SpecularAnisotropy.uexp" 742
"../../../Engine/Plugins/Interchange/Assets/Content/gltf/MaterialBodies/MF_Sheen_Body.uexp" 743
"../../../Engine/Plugins/Interchange/Assets/Content/gltf/MaterialBodies/MF_Sheen_Body.uasset" 744
"../../../Engine/Plugins/Interchange/Assets/Content/gltf/M_Sheen.uasset" 745
"../../../Engine/Plugins/Interchange/Assets/Content/gltf/M_Sheen.uexp" 746
"../../../Engine/Plugins/Interchange/Assets/Content/gltf/MaterialInstances/MI_Sheen_Opaque_DS.uasset" 747
"../../../Engine/Plugins/Interchange/Assets/Content/gltf/MaterialInstances/MI_Sheen_Opaque_DS.uexp" 748
"../../../Engine/Plugins/Interchange/Assets/Content/gltf/MaterialFunctions/MF_DiffuseSpecGloss.uasset" 749
"../../../Engine/Plugins/Interchange/Assets/Content/gltf/MaterialFunctions/MF_DiffuseSpecGloss.uexp" 750
"../../../Engine/Plugins/Interchange/Assets/Content/gltf/MaterialFunctions/MF_MaxComponentValue.uexp" 751
"../../../Engine/Plugins/Interchange/Assets/Content/gltf/MaterialFunctions/MF_MaxComponentValue.uasset" 752
"../../../Engine/Content/Functions/Engine_MaterialFunctions02/Math/AddComponents.uexp" 753
"../../../Engine/Content/Functions/Engine_MaterialFunctions02/Math/AddComponents.uasset" 754
"../../../Engine/Plugins/Interchange/Assets/Content/gltf/MaterialFunctions/MF_PerceivedBrightness.uasset" 755
"../../../Engine/Plugins/Interchange/Assets/Content/gltf/MaterialFunctions/MF_PerceivedBrightness.uexp" 756
"../../../Engine/Plugins/Interchange/Assets/Content/gltf/MaterialFunctions/MF_SpecGlossToMetalRoughness.uasset" 757
"../../../Engine/Plugins/Interchange/Assets/Content/gltf/MaterialFunctions/MF_SpecGlossToMetalRoughness.uexp" 758
"../../../Engine/Plugins/Interchange/Assets/Content/gltf/MaterialBodies/MF_SpecularGlossiness_Body.uasset" 759
"../../../Engine/Plugins/Interchange/Assets/Content/gltf/MaterialBodies/MF_SpecularGlossiness_Body.uexp" 760
"../../../Engine/Plugins/Interchange/Assets/Content/gltf/M_SpecularGlossiness.uexp" 761
"../../../Engine/Plugins/Interchange/Assets/Content/gltf/M_SpecularGlossiness.uasset" 762
"../../../Engine/Plugins/Interchange/Assets/Content/gltf/MaterialInstances/MI_SpecularGlossiness_Mask.uexp" 763
"../../../Engine/Plugins/Interchange/Assets/Content/gltf/MaterialInstances/MI_SpecularGlossiness_Mask.uasset" 764
"../../../Engine/Content/Functions/Engine_MaterialFunctions01/Texturing/FlattenNormal.uasset" 765
"../../../Engine/Content/Functions/Engine_MaterialFunctions01/Texturing/FlattenNormal.uexp" 766
"../../../Engine/Plugins/Interchange/Assets/Content/gltf/MaterialFunctions/MF_Clearcoat.uexp" 767
"../../../Engine/Plugins/Interchange/Assets/Content/gltf/MaterialFunctions/MF_Clearcoat.uasset" 768
"../../../Engine/Plugins/Interchange/Assets/Content/gltf/MaterialBodies/MF_ClearCoat_Body.uexp" 769
"../../../Engine/Plugins/Interchange/Assets/Content/gltf/MaterialBodies/MF_ClearCoat_Body.uasset" 770
"../../../Engine/Plugins/Interchange/Assets/Content/gltf/M_ClearCoat.uexp" 771
"../../../Engine/Plugins/Interchange/Assets/Content/gltf/M_ClearCoat.uasset" 772
"../../../Engine/Plugins/Interchange/Assets/Content/gltf/MaterialInstances/MI_ClearCoat_Mask_DS.uexp" 773
"../../../Engine/Plugins/Interchange/Assets/Content/gltf/MaterialInstances/MI_ClearCoat_Mask_DS.uasset" 774
"../../../Engine/Plugins/Interchange/Assets/Content/gltf/MaterialInstances/MI_SpecularGlossiness_Opaque.uasset" 775
"../../../Engine/Plugins/Interchange/Assets/Content/gltf/MaterialInstances/MI_SpecularGlossiness_Opaque.uexp" 776
"../../../Engine/Plugins/Interchange/Assets/Content/gltf/MaterialInstances/MI_Unlit_Blend_DS.uexp" 777
"../../../Engine/Plugins/Interchange/Assets/Content/gltf/MaterialInstances/MI_Unlit_Blend_DS.uasset" 778
"../../../Engine/Plugins/Interchange/Assets/Content/gltf/MaterialInstances/MI_SpecularGlossiness_Opaque_DS.uexp" 779
"../../../Engine/Plugins/Interchange/Assets/Content/gltf/MaterialInstances/MI_SpecularGlossiness_Opaque_DS.uasset" 780
"../../../Engine/Plugins/Interchange/Assets/Content/gltf/MaterialFunctions/MF_Fresnel_DS.uexp" 781
"../../../Engine/Plugins/Interchange/Assets/Content/gltf/MaterialFunctions/MF_Fresnel_DS.uasset" 782
"../../../Engine/Content/EngineMaterials/Good64x64TilingNoiseHighFreq.uasset" 783
"../../../Engine/Content/EngineMaterials/Good64x64TilingNoiseHighFreq.uexp" 784
"../../../Engine/Content/Functions/Engine_MaterialFunctions02/Texturing/ScreenAlignedPixelToPixelUVs.uasset" 785
"../../../Engine/Content/Functions/Engine_MaterialFunctions02/Texturing/ScreenAlignedPixelToPixelUVs.uexp" 786
"../../../Engine/Plugins/Interchange/Assets/Content/gltf/MaterialFunctions/MF_Temporal_Blur.uexp" 787
"../../../Engine/Plugins/Interchange/Assets/Content/gltf/MaterialFunctions/MF_Temporal_Blur.uasset" 788
"../../../Engine/Plugins/Interchange/Assets/Content/gltf/MaterialFunctions/MF_Transmission.uasset" 789
"../../../Engine/Plugins/Interchange/Assets/Content/gltf/MaterialFunctions/MF_Transmission.uexp" 790
"../../../Engine/Plugins/Interchange/Assets/Content/gltf/MaterialBodies/MF_Transmission_Body.uasset" 791
"../../../Engine/Plugins/Interchange/Assets/Content/gltf/MaterialBodies/MF_Transmission_Body.uexp" 792
"../../../Engine/Plugins/Interchange/Assets/Content/gltf/M_Transmission.uasset" 793
"../../../Engine/Plugins/Interchange/Assets/Content/gltf/M_Transmission.uexp" 794
"../../../Engine/Plugins/Interchange/Assets/Content/gltf/MaterialInstances/MI_Transmission_DS.uexp" 795
"../../../Engine/Plugins/Interchange/Assets/Content/gltf/MaterialInstances/MI_Transmission_DS.uasset" 796
"../../../Engine/Plugins/Interchange/Assets/Content/gltf/MaterialInstances/MI_ClearCoat_Opaque.uexp" 797
"../../../Engine/Plugins/Interchange/Assets/Content/gltf/MaterialInstances/MI_ClearCoat_Opaque.uasset" 798
"../../../Engine/Plugins/Interchange/Assets/Content/gltf/MaterialInstances/MI_Unlit_Opaque.uexp" 799
"../../../Engine/Plugins/Interchange/Assets/Content/gltf/MaterialInstances/MI_Unlit_Opaque.uasset" 800
"../../../Engine/Plugins/Interchange/Assets/Content/gltf/MaterialInstances/MI_Unlit_Mask.uasset" 801
"../../../Engine/Plugins/Interchange/Assets/Content/gltf/MaterialInstances/MI_Unlit_Mask.uexp" 802
"../../../Engine/Plugins/Interchange/Assets/Content/gltf/MaterialInstances/MI_SpecularGlossiness_Mask_DS.uexp" 803
"../../../Engine/Plugins/Interchange/Assets/Content/gltf/MaterialInstances/MI_SpecularGlossiness_Mask_DS.uasset" 804
"../../../Engine/Plugins/Interchange/Assets/Content/gltf/MaterialInstances/MI_ClearCoat_Blend_DS.uexp" 805
"../../../Engine/Plugins/Interchange/Assets/Content/gltf/MaterialInstances/MI_ClearCoat_Blend_DS.uasset" 806
"../../../Engine/Plugins/Interchange/Assets/Content/gltf/MaterialInstances/MI_Transmission.uexp" 807
"../../../Engine/Plugins/Interchange/Assets/Content/gltf/MaterialInstances/MI_Transmission.uasset" 808
"../../../Engine/Plugins/Interchange/Assets/Content/gltf/MaterialInstances/MI_ClearCoat_Mask.uexp" 809
"../../../Engine/Plugins/Interchange/Assets/Content/gltf/MaterialInstances/MI_ClearCoat_Mask.uasset" 810
"../../../Engine/Plugins/Interchange/Assets/Content/gltf/MaterialInstances/MI_Sheen_Blend_DS.uexp" 811
"../../../Engine/Plugins/Interchange/Assets/Content/gltf/MaterialInstances/MI_Sheen_Blend_DS.uasset" 812
"../../../Engine/Content/Functions/Engine_MaterialFunctions01/Shading/ConvertFromDiffSpec.uexp" 813
"../../../Engine/Content/Functions/Engine_MaterialFunctions01/Shading/ConvertFromDiffSpec.uasset" 814
"../../../Engine/Content/Functions/Engine_MaterialFunctions01/Shading/PowerToRoughness.uexp" 815
"../../../Engine/Content/Functions/Engine_MaterialFunctions01/Shading/PowerToRoughness.uasset" 816
"../../../Engine/Content/EngineMaterials/Substrate/Volume/SubstrateSimpleVolumeLUT3D.uasset" 817
"../../../Engine/Content/EngineMaterials/Substrate/Volume/SubstrateSimpleVolumeLUT3D.uexp" 818
"../../../Engine/Content/EngineMaterials/Substrate/Volume/SubstrateSimpleVolumeEnvLUT3D.uexp" 819
"../../../Engine/Content/EngineMaterials/Substrate/Volume/SubstrateSimpleVolumeEnvLUT3D.uasset" 820
"../../../Engine/Content/ArtTools/RenderToTexture/Meshes/S_1_Unit_Plane.uexp" 821
"../../../Engine/Content/ArtTools/RenderToTexture/Meshes/S_1_Unit_Plane.ubulk" 822
"../../../Engine/Content/ArtTools/RenderToTexture/Meshes/S_1_Unit_Plane.uasset" 823
"../../../Engine/Plugins/Interchange/Assets/Content/gltf/MaterialBodies/MF_Default_Body.uasset" 824
"../../../Engine/Plugins/Interchange/Assets/Content/gltf/MaterialBodies/MF_Default_Body.uexp" 825
"../../../Engine/Plugins/Interchange/Assets/Content/gltf/M_Default.uasset" 826
"../../../Engine/Plugins/Interchange/Assets/Content/gltf/M_Default.uexp" 827
"../../../Engine/Plugins/Interchange/Assets/Content/gltf/MaterialInstances/MI_Default_Mask.uasset" 828
"../../../Engine/Plugins/Interchange/Assets/Content/gltf/MaterialInstances/MI_Default_Mask.uexp" 829
"../../../Engine/Plugins/Interchange/Assets/Content/gltf/MaterialInstances/MI_SpecularGlossiness_Blend_DS.uasset" 830
"../../../Engine/Plugins/Interchange/Assets/Content/gltf/MaterialInstances/MI_SpecularGlossiness_Blend_DS.uexp" 831
"../../../Engine/Plugins/Interchange/Assets/Content/gltf/MaterialInstances/MI_Sheen_Blend.uexp" 832
"../../../Engine/Plugins/Interchange/Assets/Content/gltf/MaterialInstances/MI_Sheen_Blend.uasset" 833
"../../../Engine/Plugins/Interchange/Assets/Content/gltf/MaterialInstances/MI_ClearCoat_Opaque_DS.uexp" 834
"../../../Engine/Plugins/Interchange/Assets/Content/gltf/MaterialInstances/MI_ClearCoat_Opaque_DS.uasset" 835
"../../../Engine/Plugins/Interchange/Assets/Content/gltf/MaterialInstances/MI_SpecularGlossiness_Blend.uasset" 836
"../../../Engine/Plugins/Interchange/Assets/Content/gltf/MaterialInstances/MI_SpecularGlossiness_Blend.uexp" 837
"../../../Engine/Plugins/Interchange/Assets/Content/gltf/MaterialInstances/MI_Default_Blend_DS.uexp" 838
"../../../Engine/Plugins/Interchange/Assets/Content/gltf/MaterialInstances/MI_Default_Blend_DS.uasset" 839
"../../../Engine/Plugins/Interchange/Assets/Content/gltf/MaterialInstances/MI_Default_Opaque.uexp" 840
"../../../Engine/Plugins/Interchange/Assets/Content/gltf/MaterialInstances/MI_Default_Opaque.uasset" 841
"../../../Engine/Plugins/Interchange/Assets/Content/gltf/MaterialInstances/MI_Default_Blend.uasset" 842
"../../../Engine/Plugins/Interchange/Assets/Content/gltf/MaterialInstances/MI_Default_Blend.uexp" 843
"../../../Engine/Plugins/Interchange/Assets/Content/gltf/MaterialInstances/MI_ClearCoat_Blend.uexp" 844
"../../../Engine/Plugins/Interchange/Assets/Content/gltf/MaterialInstances/MI_ClearCoat_Blend.uasset" 845
"../../../Engine/Plugins/Interchange/Assets/Content/gltf/MaterialInstances/MI_Unlit_Opaque_DS.uexp" 846
"../../../Engine/Plugins/Interchange/Assets/Content/gltf/MaterialInstances/MI_Unlit_Opaque_DS.uasset" 847
"../../../Engine/Plugins/Interchange/Assets/Content/gltf/MaterialInstances/MI_Sheen_Mask_DS.uasset" 848
"../../../Engine/Plugins/Interchange/Assets/Content/gltf/MaterialInstances/MI_Sheen_Mask_DS.uexp" 849
"../../../Engine/Plugins/Interchange/Assets/Content/gltf/MaterialInstances/MI_Sheen_Opaque.uasset" 850
"../../../Engine/Plugins/Interchange/Assets/Content/gltf/MaterialInstances/MI_Sheen_Opaque.uexp" 851
"../../../Engine/Plugins/Interchange/Assets/Content/gltf/MaterialInstances/MI_Default_Mask_DS.uexp" 852
"../../../Engine/Plugins/Interchange/Assets/Content/gltf/MaterialInstances/MI_Default_Mask_DS.uasset" 853
"../../../Engine/Plugins/Interchange/Assets/Content/gltf/MaterialInstances/MI_Default_Opaque_DS.uexp" 854
"../../../Engine/Plugins/Interchange/Assets/Content/gltf/MaterialInstances/MI_Default_Opaque_DS.uasset" 855
"../../../Engine/Content/EngineMaterials/Substrate/GLints/AGlintTex2dArray.uasset" 856
"../../../Engine/Content/EngineMaterials/Substrate/GLints/AGlintTex2dArray.uexp" 857
"../../../Engine/Plugins/Interchange/Assets/Content/gltf/MaterialInstances/MI_Unlit_Blend.uasset" 858
"../../../Engine/Plugins/Interchange/Assets/Content/gltf/MaterialInstances/MI_Unlit_Blend.uexp" 859
"../../../Engine/Plugins/Interchange/Assets/Content/gltf/MaterialInstances/MI_Sheen_Mask.uexp" 860
"../../../Engine/Plugins/Interchange/Assets/Content/gltf/MaterialInstances/MI_Sheen_Mask.uasset" 861
"../../../Engine/Content/EngineMaterials/Substrate/Glints2/AGlintTex2dArray2.uasset" 862
"../../../Engine/Content/EngineMaterials/Substrate/Glints2/AGlintTex2dArray2.uexp" 863
"../../../Engine/Plugins/NNE/NNEDenoiser/Content/NNED_Oidn2-3_Fast_Alpha.uasset" 864
"../../../Engine/Plugins/NNE/NNEDenoiser/Content/NNED_Oidn2-3_Fast_Alpha.uexp" 865
"../../../Engine/Plugins/NNE/NNEDenoiser/Content/NNEDT_Oidn2-3_Balanced_Alpha.uasset" 866
"../../../Engine/Plugins/NNE/NNEDenoiser/Content/NNEDT_Oidn2-3_Balanced_Alpha.uexp" 867
"../../../Engine/Plugins/NNE/NNEDenoiser/Content/NNED_Oidn2-3_HighQuality_Alpha.uasset" 868
"../../../Engine/Plugins/NNE/NNEDenoiser/Content/NNED_Oidn2-3_HighQuality_Alpha.uexp" 869
"../../../Engine/Plugins/NNE/NNEDenoiser/Content/NNEDT_Oidn2-3_Balanced.uexp" 870
"../../../Engine/Plugins/NNE/NNEDenoiser/Content/NNEDT_Oidn2-3_Balanced.uasset" 871
"../../../Engine/Plugins/NNE/NNEDenoiser/Content/NNED_Oidn2-3_Fast.uasset" 872
"../../../Engine/Plugins/NNE/NNEDenoiser/Content/NNED_Oidn2-3_Fast.uexp" 873
"../../../Engine/Plugins/NNE/NNEDenoiser/Content/NNED_Oidn2-3_HighQuality.uasset" 874
"../../../Engine/Plugins/NNE/NNEDenoiser/Content/NNED_Oidn2-3_HighQuality.uexp" 875
"../../../Engine/Plugins/NNE/NNEDenoiser/Content/NNED_Oidn2-3_Balanced.uasset" 876
"../../../Engine/Plugins/NNE/NNEDenoiser/Content/NNED_Oidn2-3_Balanced.uexp" 877
"../../../Engine/Plugins/NNE/NNEDenoiser/Content/NNED_Oidn2-3_Balanced_Alpha.uexp" 878
"../../../Engine/Plugins/NNE/NNEDenoiser/Content/NNED_Oidn2-3_Balanced_Alpha.uasset" 879
"../../../Engine/Plugins/Animation/DeformerGraph/Content/DeformerFunctions/DG_Function_LinearBlendSkin_Morph_Cloth.uexp" 880
"../../../Engine/Plugins/Animation/DeformerGraph/Content/DeformerFunctions/DG_Function_LinearBlendSkin_Morph_Cloth.uasset" 881
"../../../Engine/Plugins/Animation/DeformerGraph/Content/Deformers/DG_LinearBlendSkin_Morph_Cloth.uasset" 882
"../../../Engine/Plugins/Animation/DeformerGraph/Content/Deformers/DG_LinearBlendSkin_Morph_Cloth.uexp" 883
"../../../Engine/Plugins/Animation/DeformerGraph/Content/DeformerFunctions/DG_Function_LinearBlendSkin_Morph_Cloth_PositionOnly.uexp" 884
"../../../Engine/Plugins/Animation/DeformerGraph/Content/DeformerFunctions/DG_Function_LinearBlendSkin_Morph_Cloth_PositionOnly.uasset" 885
"../../../Engine/Plugins/Animation/DeformerGraph/Content/DeformerFunctions/DG_Function_ComputeNormalsTangents.uexp" 886
"../../../Engine/Plugins/Animation/DeformerGraph/Content/DeformerFunctions/DG_Function_ComputeNormalsTangents.uasset" 887
"../../../Engine/Plugins/Animation/DeformerGraph/Content/Deformers/DG_LinearBlendSkin_Morph_Cloth_RecomputeNormals.uasset" 888
"../../../Engine/Plugins/Animation/DeformerGraph/Content/Deformers/DG_LinearBlendSkin_Morph_Cloth_RecomputeNormals.uexp" 889
"../../../Engine/Plugins/Interchange/Runtime/Content/Pipelines/DefaultGLTFAssetsPipeline.uexp" 890
"../../../Engine/Plugins/Interchange/Runtime/Content/Pipelines/DefaultGLTFAssetsPipeline.uasset" 891
"../../../Engine/Plugins/Interchange/Runtime/Content/Pipelines/DefaultAssetsPipeline.uexp" 892
"../../../Engine/Plugins/Interchange/Runtime/Content/Pipelines/DefaultAssetsPipeline.uasset" 893
"../../../Engine/Plugins/Interchange/Runtime/Content/Pipelines/DefaultSceneAssetsPipeline.uasset" 894
"../../../Engine/Plugins/Interchange/Runtime/Content/Pipelines/DefaultSceneAssetsPipeline.uexp" 895
"../../../Engine/Plugins/Interchange/Runtime/Content/Pipelines/DefaultGLTFSceneAssetsPipeline.uexp" 896
"../../../Engine/Plugins/Interchange/Runtime/Content/Pipelines/DefaultGLTFSceneAssetsPipeline.uasset" 897
"../../../Engine/Content/EditorLandscapeResources/MaskBrushMaterial.uasset" 898
"../../../Engine/Content/EditorLandscapeResources/MaskBrushMaterial.uexp" 899
"../../../Engine/Content/EditorLandscapeResources/MaskBrushMaterial_MaskedRegion.uexp" 900
"../../../Engine/Content/EditorLandscapeResources/MaskBrushMaterial_MaskedRegion.uasset" 901
"../../../Engine/Content/EngineMaterials/DefaultMaterial.uasset" 902
"../../../Engine/Content/EngineMaterials/DefaultMaterial.uexp" 903
"../../../Engine/Content/BasicShapes/Cone.uasset" 904
"../../../Engine/Content/BasicShapes/Cone.uexp" 905
"../../../Engine/Content/BasicShapes/Cone.ubulk" 906
"../../../Engine/Content/BasicShapes/Cube.ubulk" 907
"../../../Engine/Content/BasicShapes/Cube.uasset" 908
"../../../Engine/Content/BasicShapes/Cube.uexp" 909
"../../../Engine/Content/BasicShapes/Cylinder.uasset" 910
"../../../Engine/Content/BasicShapes/Cylinder.ubulk" 911
"../../../Engine/Content/BasicShapes/Cylinder.uexp" 912
"../../../Engine/Content/EditorResources/S_Terrain.uasset" 913
"../../../Engine/Content/EditorResources/S_Terrain.uexp" 914
"../../../Engine/Content/EditorResources/S_Terrain.ubulk" 915
"../../../Engine/Content/BasicShapes/Plane.ubulk" 916
"../../../Engine/Content/BasicShapes/Plane.uasset" 917
"../../../Engine/Content/BasicShapes/Plane.uexp" 918
"../../../Engine/Content/EditorResources/S_Trigger.uexp" 919
"../../../Engine/Content/EditorResources/S_Trigger.ubulk" 920
"../../../Engine/Content/EditorResources/S_Trigger.uasset" 921
"../../../Engine/Content/EditorLandscapeResources/LayerVisMaterial.uexp" 922
"../../../Engine/Content/EditorLandscapeResources/LayerVisMaterial.uasset" 923
"../../../Engine/Content/Animation/DefaultRecorderBoneCompression.uexp" 924
"../../../Engine/Content/Animation/DefaultRecorderBoneCompression.uasset" 925
"../../../Engine/Content/BasicShapes/BasicShapeMaterial.uexp" 926
"../../../Engine/Content/BasicShapes/BasicShapeMaterial.uasset" 927
"../../../Engine/Content/Animation/DefaultVariableFrameStrippingSettings.uexp" 928
"../../../Engine/Content/Animation/DefaultVariableFrameStrippingSettings.uasset" 929
"../../../Engine/Content/EditorResources/S_Actor.uexp" 930
"../../../Engine/Content/EditorResources/S_Actor.ubulk" 931
"../../../Engine/Content/EditorResources/S_Actor.uasset" 932
"../../../Engine/Content/BasicShapes/Sphere.uexp" 933
"../../../Engine/Content/BasicShapes/Sphere.ubulk" 934
"../../../Engine/Content/BasicShapes/Sphere.uasset" 935
"../../../Engine/Plugins/Interchange/Assets/Content/Functions/MF_PhongToMetalRoughness.uexp" 936
"../../../Engine/Plugins/Interchange/Assets/Content/Functions/MF_PhongToMetalRoughness.uasset" 937
"../../../Engine/Content/EngineResources/DefaultTexture.uasset" 938
"../../../Engine/Content/EngineResources/DefaultTexture.uexp" 939
"../../../Engine/Content/EngineResources/DefaultTexture.ubulk" 940
"../../../Engine/Content/EngineMaterials/DefaultNormal.uasset" 941
"../../../Engine/Content/EngineMaterials/DefaultNormal.ubulk" 942
"../../../Engine/Content/EngineMaterials/DefaultNormal.uexp" 943
"../../../Engine/Content/Functions/Engine_MaterialFunctions03/Procedurals/NormalFromHeightmap.uexp" 944
"../../../Engine/Content/Functions/Engine_MaterialFunctions03/Procedurals/NormalFromHeightmap.uasset" 945
"../../../Engine/Plugins/Interchange/Assets/Content/Materials/FBXLegacyPhongSurfaceMaterial.uexp" 946
"../../../Engine/Plugins/Interchange/Assets/Content/Materials/FBXLegacyPhongSurfaceMaterial.uasset" 947
"/Users/jakub/Bilard/Content/ThirdPerson/Noir.uasset" 948
"/Users/jakub/Bilard/Content/ThirdPerson/Noir.uexp" 949
"/Users/jakub/Bilard/Content/ThirdPerson/Chrome.uasset" 950
"/Users/jakub/Bilard/Content/ThirdPerson/Chrome.uexp" 951
"/Users/jakub/Bilard/Content/ThirdPerson/Bois_clair.uexp" 952
"/Users/jakub/Bilard/Content/ThirdPerson/Bois_clair.uasset" 953
"/Users/jakub/Bilard/Content/ThirdPerson/Noir_Mat.uasset" 954
"/Users/jakub/Bilard/Content/ThirdPerson/Noir_Mat.uexp" 955
"/Users/jakub/Bilard/Content/ThirdPerson/Bleu.uexp" 956
"/Users/jakub/Bilard/Content/ThirdPerson/Bleu.uasset" 957
"/Users/jakub/Bilard/Content/ThirdPerson/Kij.ubulk" 958
"/Users/jakub/Bilard/Content/ThirdPerson/Kij.uexp" 959
"/Users/jakub/Bilard/Content/ThirdPerson/Kij.uasset" 960
"../../../Engine/Content/EditorResources/BSPVertex.uexp" 961
"../../../Engine/Content/EditorResources/BSPVertex.uasset" 962
"../../../Engine/Content/EngineFonts/Faces/DroidSansFallback.uasset" 963
"../../../Engine/Content/EngineFonts/Faces/DroidSansFallback.ufont" 964
"../../../Engine/Content/EngineFonts/Faces/DroidSansFallback.uexp" 965
"../../../Engine/Content/EngineFonts/Faces/RobotoBold.ufont" 966
"../../../Engine/Content/EngineFonts/Faces/RobotoBold.uasset" 967
"../../../Engine/Content/EngineFonts/Faces/RobotoBold.uexp" 968
"../../../Engine/Content/EngineFonts/Faces/RobotoBoldItalic.uasset" 969
"../../../Engine/Content/EngineFonts/Faces/RobotoBoldItalic.uexp" 970
"../../../Engine/Content/EngineFonts/Faces/RobotoBoldItalic.ufont" 971
"../../../Engine/Content/EngineFonts/Faces/RobotoItalic.ufont" 972
"../../../Engine/Content/EngineFonts/Faces/RobotoItalic.uasset" 973
"../../../Engine/Content/EngineFonts/Faces/RobotoItalic.uexp" 974
"../../../Engine/Content/EngineFonts/Faces/RobotoLight.ufont" 975
"../../../Engine/Content/EngineFonts/Faces/RobotoLight.uasset" 976
"../../../Engine/Content/EngineFonts/Faces/RobotoLight.uexp" 977
"../../../Engine/Content/EngineFonts/Faces/RobotoRegular.uasset" 978
"../../../Engine/Content/EngineFonts/Faces/RobotoRegular.uexp" 979
"../../../Engine/Content/EngineFonts/Faces/RobotoRegular.ufont" 980
"../../../Engine/Content/EngineFonts/Roboto.uasset" 981
"../../../Engine/Content/EngineFonts/Roboto.uexp" 982
"../../../Engine/Content/EngineMaterials/DefaultCalibrationGrayscale.uexp" 983
"../../../Engine/Content/EngineMaterials/DefaultCalibrationGrayscale.uasset" 984
"../../../Engine/Content/EngineMaterials/PPM_DefaultCalibrationGrayscale.uasset" 985
"../../../Engine/Content/EngineMaterials/PPM_DefaultCalibrationGrayscale.uexp" 986
"../../../Engine/Content/EditorMaterials/PhAT_UnselectedMaterial.uexp" 987
"../../../Engine/Content/EditorMaterials/PhAT_UnselectedMaterial.uasset" 988
"../../../Engine/Content/EngineMaterials/NaniteHiddenSectionMaterial.uasset" 989
"../../../Engine/Content/EngineMaterials/NaniteHiddenSectionMaterial.uexp" 990
"../../../Engine/Content/EngineResources/DefaultTextureCube.uasset" 991
"../../../Engine/Content/EngineResources/DefaultTextureCube.uexp" 992
"../../../Engine/Content/EngineMaterials/Widget3DPassThrough_Masked.uasset" 993
"../../../Engine/Content/EngineMaterials/Widget3DPassThrough_Masked.uexp" 994
"/Users/jakub/Bilard/Content/Blanc.uasset" 995
"/Users/jakub/Bilard/Content/Blanc.uexp" 996
"/Users/jakub/Bilard/Content/Chrome.uasset" 997
"/Users/jakub/Bilard/Content/Chrome.uexp" 998
"/Users/jakub/Bilard/Content/Noir_Mat.uasset" 999
"/Users/jakub/Bilard/Content/Noir_Mat.uexp" 1000
"/Users/jakub/Bilard/Content/Tapis.uexp" 1001
"/Users/jakub/Bilard/Content/Tapis.uasset" 1002
"/Users/jakub/Bilard/Content/Bois.uexp" 1003
"/Users/jakub/Bilard/Content/Bois.uasset" 1004
"/Users/jakub/Bilard/Content/Billard.uasset" 1005
"/Users/jakub/Bilard/Content/Billard.ubulk" 1006
"/Users/jakub/Bilard/Content/Billard.uexp" 1007
"../../../Engine/Content/EngineSky/M_SimpleSkyDome.uasset" 1008
"../../../Engine/Content/EngineSky/M_SimpleSkyDome.uexp" 1009
"../../../Engine/Content/EngineSky/T_Sky_Clouds_M.ubulk" 1010
"../../../Engine/Content/EngineSky/T_Sky_Clouds_M.uasset" 1011
"../../../Engine/Content/EngineSky/T_Sky_Clouds_M.uexp" 1012
"../../../Engine/Content/EngineSky/T_Sky_Stars.uasset" 1013
"../../../Engine/Content/EngineSky/T_Sky_Stars.ubulk" 1014
"../../../Engine/Content/EngineSky/T_Sky_Stars.uexp" 1015
"../../../Engine/Content/EngineSky/T_Sky_Blue.uasset" 1016
"../../../Engine/Content/EngineSky/T_Sky_Blue.uexp" 1017
"../../../Engine/Content/EngineSky/T_Sky_Blue.ubulk" 1018
"../../../Engine/Content/EngineSky/M_Sky_Panning_Clouds2.uexp" 1019
"../../../Engine/Content/EngineSky/M_Sky_Panning_Clouds2.uasset" 1020
"../../../Engine/Content/EngineSky/SM_SkySphere.ubulk" 1021
"../../../Engine/Content/EngineSky/SM_SkySphere.uasset" 1022
"../../../Engine/Content/EngineSky/SM_SkySphere.uexp" 1023
"../../../Engine/Content/EngineSky/VolumetricClouds/T_CloudMask.uasset" 1024
"../../../Engine/Content/EngineSky/VolumetricClouds/T_CloudMask.uexp" 1025
"../../../Engine/Content/EngineSky/VolumetricClouds/T_CloudMask.ubulk" 1026
"../../../Engine/Content/EngineSky/VolumetricClouds/T_Profile_08.uasset" 1027
"../../../Engine/Content/EngineSky/VolumetricClouds/T_Profile_08.uexp" 1028
"../../../Engine/Content/EngineSky/VolumetricClouds/T_Profile_08.ubulk" 1029
"../../../Engine/Content/Functions/Engine_MaterialFunctions02/Utility/BreakOutFloat4Components.uasset" 1030
"../../../Engine/Content/Functions/Engine_MaterialFunctions02/Utility/BreakOutFloat4Components.uexp" 1031
"../../../Engine/Content/EngineResources/DefaultVolumeTexture2D.uexp" 1032
"../../../Engine/Content/EngineResources/DefaultVolumeTexture2D.uasset" 1033
"../../../Engine/Content/EngineResources/DefaultVolumeTexture.uexp" 1034
"../../../Engine/Content/EngineResources/DefaultVolumeTexture.uasset" 1035
"../../../Engine/Content/Functions/Engine_MaterialFunctions02/Utility/MakeFloat4.uexp" 1036
"../../../Engine/Content/Functions/Engine_MaterialFunctions02/Utility/MakeFloat4.uasset" 1037
"../../../Engine/Content/EngineSky/VolumetricClouds/VT_Lightning.uexp" 1038
"../../../Engine/Content/EngineSky/VolumetricClouds/VT_Lightning.uasset" 1039
"../../../Engine/Content/Functions/Engine_MaterialFunctions01/Units/Km-to-Cm.uasset" 1040
"../../../Engine/Content/Functions/Engine_MaterialFunctions01/Units/Km-to-Cm.uexp" 1041
"../../../Engine/Content/EngineSky/VolumetricClouds/m_SimpleVolumetricCloud.uasset" 1042
"../../../Engine/Content/EngineSky/VolumetricClouds/m_SimpleVolumetricCloud.uexp" 1043
"../../../Engine/Content/EngineSky/VolumetricClouds/T_CloudPattern.ubulk" 1044
"../../../Engine/Content/EngineSky/VolumetricClouds/T_CloudPattern.uexp" 1045
"../../../Engine/Content/EngineSky/VolumetricClouds/T_CloudPattern.uasset" 1046
"../../../Engine/Content/EngineSky/VolumetricClouds/VT_PerlinWorley_Balanced.uexp" 1047
"../../../Engine/Content/EngineSky/VolumetricClouds/VT_PerlinWorley_Balanced.uasset" 1048
"../../../Engine/Content/EngineSky/VolumetricClouds/m_SimpleVolumetricCloud_Inst.uexp" 1049
"../../../Engine/Content/EngineSky/VolumetricClouds/m_SimpleVolumetricCloud_Inst.uasset" 1050
"../../../Engine/Content/MapTemplates/SM_Template_Map_Floor.ubulk" 1051
"../../../Engine/Content/MapTemplates/SM_Template_Map_Floor.uasset" 1052
"../../../Engine/Content/MapTemplates/SM_Template_Map_Floor.uexp" 1053
"../../../Engine/Content/EngineMaterials/BlendFunc_DefBlend.uexp" 1054
"../../../Engine/Content/EngineMaterials/BlendFunc_DefBlend.uasset" 1055
"../../../Engine/Content/EngineMaterials/BlendFunc_DefBase.uasset" 1056
"../../../Engine/Content/EngineMaterials/BlendFunc_DefBase.uexp" 1057
"../../../Engine/Content/OpenWorldTemplate/LandscapeMaterial/T_GridChecker_A.uasset" 1058
"../../../Engine/Content/OpenWorldTemplate/LandscapeMaterial/T_GridChecker_A.uexp" 1059
"../../../Engine/Content/OpenWorldTemplate/LandscapeMaterial/T_GridChecker_A.ubulk" 1060
"../../../Engine/Content/Functions/Engine_MaterialFunctions01/Gradient/LinearGradient.uasset" 1061
"../../../Engine/Content/Functions/Engine_MaterialFunctions01/Gradient/LinearGradient.uexp" 1062
"../../../Engine/Content/Functions/Engine_MaterialFunctions01/ImageAdjustment/CheapContrast.uasset" 1063
"../../../Engine/Content/Functions/Engine_MaterialFunctions01/ImageAdjustment/CheapContrast.uexp" 1064
"../../../Engine/Content/OpenWorldTemplate/LandscapeMaterial/MF_ProcGrid.uexp" 1065
"../../../Engine/Content/OpenWorldTemplate/LandscapeMaterial/MF_ProcGrid.uasset" 1066
"../../../Engine/Content/Functions/Engine_MaterialFunctions03/Blends/Blend_Overlay.uasset" 1067
"../../../Engine/Content/Functions/Engine_MaterialFunctions03/Blends/Blend_Overlay.uexp" 1068
"../../../Engine/Content/OpenWorldTemplate/LandscapeMaterial/M_ProcGrid.uexp" 1069
"../../../Engine/Content/OpenWorldTemplate/LandscapeMaterial/M_ProcGrid.uasset" 1070
"../../../Engine/Content/OpenWorldTemplate/LandscapeMaterial/MI_ProcGrid.uexp" 1071
"../../../Engine/Content/OpenWorldTemplate/LandscapeMaterial/MI_ProcGrid.uasset" 1072
"/Users/jakub/Bilard/Content/Bilard.umap" 1073
"/Users/jakub/Bilard/Content/Bilard.uexp" 1074
"../../../Engine/Content/Maps/Entry_BuiltData.uexp" 1075
"../../../Engine/Content/Maps/Entry_BuiltData.uasset" 1076
"../../../Engine/Content/Maps/Entry.umap" 1077
"../../../Engine/Content/Maps/Entry.uexp" 1078
